Microchip MPLAB XC8 Compiler V1.38 ()

Linker command line:

-W-3 --edf=C:\Program Files (x86)\Microchip\xc8\v1.38\dat\en_msgs.txt -cs \
  -h+dist/default/production\Termo-DS18B20.production.sym \
  --cmf=dist/default/production\Termo-DS18B20.production.cmf -z -Q16F628A \
  -oC:\Users\Vadim\AppData\Local\Temp\s32k.2 \
  -Mdist/default/production/Termo-DS18B20.production.map -E1 -ver=XC8 \
  -ASTACK=0120h-014fh -pstack=STACK -ACODE=00h-07FFh -ASTRCODE=00h-07FFh \
  -ASTRING=00h-0FFhx8 -ACONST=00h-0FFhx8 -AENTRY=00h-0FFhx8 \
  -ACOMMON=070h-07Fh -ABANK0=020h-06Fh -ABANK1=0A0h-0EFh \
  -ABANK2=0120h-014Fh -ARAM=020h-06Fh,0A0h-0EFh,0120h-014Fh \
  -AABS1=020h-07Fh,0A0h-0EFh,0120h-014Fh -ASFR0=00h-01Fh -ASFR1=080h-09Fh \
  -ASFR2=0100h-011Fh -ASFR3=0180h-01EFh \
  -preset_vec=00h,intentry=04h,init,end_init -ppowerup=CODE -pcinit=CODE \
  -pfunctab=CODE -ACONFIG=02007h-02007h -pconfig=CONFIG -DCONFIG=2 \
  -AIDLOC=02000h-02003h -pidloc=IDLOC -DIDLOC=2 -AEEDATA=00h-07Fh/02100h \
  -peeprom_data=EEDATA -DEEDATA=2 -DCODE=2 -DSTRCODE=2 -DSTRING=2 -DCONST=2 \
  -DENTRY=2 -k C:\Users\Vadim\AppData\Local\Temp\s32k.obj \
  dist/default/production\Termo-DS18B20.production.obj 

Object code version is 3.11

Machine type is 16F628A



                Name                               Link     Load   Length Selector   Space Scale
C:\Users\Vadim\AppData\Local\Temp\s32k.obj
                end_init                             10       10        1        8       0
                reset_vec                             0        0        1        0       0
                config                             2007     2007        1     400E       0
dist/default/production\Termo-DS18B20.production.obj
                cinit                                11       11       1C        8       0
                intentry                              4        4        C        8       0
                eeprom_data                           0     2100       60     4200       3
                swtext1                             69A      69A       21      D34       0
                text34                              6F3      6F3       1C      D76       0
                text33                              72A      72A       19      D76       0
                text32                              57D      57D       31        8       0
                text31                              630      630       27        8       0
                text30                              5AE      5AE       30        8       0
                text29                              48F      48F       45        8       0
                text28                              657      657       22        8       0
                text27                               2D       2D      100        8       0
                text26                              2E6      2E6       AB        8       0
                text25                              44A      44A       45        8       0
                text24                              4D4      4D4       3D        8       0
                text23                              7F0      7F0        6      FB4       0
                text22                              7E2      7E2        8      FB4       0
                text21                              782      782       12      D76       0
                text20                              608      608       28        8       0
                text19                              511      511       38        8       0
                text18                              5DE      5DE       2A        8       0
                text17                              7B4      7B4        F      D76       0
                text16                              794      794       11      D76       0
                text15                              6D7      6D7       1C      D76       0
                text14                              7C3      7C3        E      D76       0
                text13                              549      549       34        8       0
                text12                              743      743       18      D76       0
                text11                              7F6      7F6        5      FB4       0
                text10                              76F      76F       13      D76       0
                text9                               679      679       21        8       0
                text8                               7A5      7A5        F      D76       0
                text7                               228      228       BE        8       0
                text6                               405      405       45        8       0
                text5                               7EA      7EA        6      FB4       0
                text4                               75B      75B       14      D76       0
                text3                               70F      70F       1B      D76       0
                text2                               6BB      6BB       1C      D76       0
                text1                               391      391       74        8       0
                maintext                            12D      12D       FB        8       0
                cstackBANK0                          20       20       24       20       1
                cstackCOMMON                         70       70        E       70       1
                cstackBANK1                          A0       A0       16       A0       1
                clrtext                             7DA      7DA        8      FB4       0
                dataBANK1                            B6       B6       11       A0       1
                bitbssBANK0                         300       60        2       20       1     8
                bssBANK0                             44       44       19       20       1
                nvBANK0                              5D       5D        3       20       1
                strings                             7D1      7D1        9      FA2       0

TOTAL           Name                               Link     Load   Length     Space
        CLASS   STACK          

        CLASS   CODE           
                end_init                             10       10        1         0
                cinit                                11       11       1C         0
                intentry                              4        4        C         0
                reset_vec                             0        0        1         0
                text34                              6F3      6F3       1C         0
                text33                              72A      72A       19         0
                text32                              57D      57D       31         0
                text31                              630      630       27         0
                text30                              5AE      5AE       30         0
                text29                              48F      48F       45         0
                text28                              657      657       22         0
                text27                               2D       2D      100         0
                text26                              2E6      2E6       AB         0
                text25                              44A      44A       45         0
                text24                              4D4      4D4       3D         0
                text23                              7F0      7F0        6         0
                text22                              7E2      7E2        8         0
                text21                              782      782       12         0
                text20                              608      608       28         0
                text19                              511      511       38         0
                text18                              5DE      5DE       2A         0
                text17                              7B4      7B4        F         0
                text16                              794      794       11         0
                text15                              6D7      6D7       1C         0
                text14                              7C3      7C3        E         0
                text13                              549      549       34         0
                text12                              743      743       18         0
                text11                              7F6      7F6        5         0
                text10                              76F      76F       13         0
                text9                               679      679       21         0
                text8                               7A5      7A5        F         0
                text7                               228      228       BE         0
                text6                               405      405       45         0
                text5                               7EA      7EA        6         0
                text4                               75B      75B       14         0
                text3                               70F      70F       1B         0
                text2                               6BB      6BB       1C         0
                text1                               391      391       74         0
                maintext                            12D      12D       FB         0
                clrtext                             7DA      7DA        8         0

        CLASS   STRCODE        

        CLASS   STRING         
                strings                             7D1      7D1        9         0

        CLASS   CONST          
                swtext1                             69A      69A       21         0

        CLASS   ENTRY          

        CLASS   COMMON         
                cstackCOMMON                         70       70        E         1

        CLASS   BANK0          
                cstackBANK0                          20       20       24         1
                bitbssBANK0                         300       60        2         1
                bssBANK0                             44       44       19         1
                nvBANK0                              5D       5D        3         1

        CLASS   BANK1          
                cstackBANK1                          A0       A0       16         1
                dataBANK1                            B6       B6       11         1

        CLASS   BANK2          

        CLASS   RAM            

        CLASS   ABS1           
                abs_s1                               7E       7E        2         1

        CLASS   SFR0           

        CLASS   SFR1           

        CLASS   SFR2           

        CLASS   SFR3           

        CLASS   CONFIG         
                config                             2007     2007        1         0

        CLASS   IDLOC          

        CLASS   EEDATA         
                eeprom_data                           0     2100       60         3

        CLASS   BANK3          



SEGMENTS        Name                           Load    Length   Top    Selector   Space  Class     Delta

                reset_vec                      000000  000001  000001         0       0  CODE        2
                intentry                       000004  000696  00069A         8       0  CODE        2
                cstackBANK0                    000020  000041  000061        20       1  BANK0       1
                cstackCOMMON                   000070  00000E  00007E        70       1  COMMON      1
                cstackBANK1                    0000A0  000027  0000C7        A0       1  BANK1       1
                swtext1                        00069A  000021  0006BB       D34       0  CONST       2
                text2                          0006BB  000116  0007D1       D76       0  CODE        2
                strings                        0007D1  000009  0007DA       FA2       0  STRING      2
                clrtext                        0007DA  000021  0007FB       FB4       0  CODE        2
                config                         002007  000001  002008      400E       0  CONFIG      2
                eeprom_data                    002100  000060  002160      4200       3  EEDATA      2


UNUSED ADDRESS RANGES

        Name                Unused          Largest block    Delta
        BANK0            00061-0006F               F           1
        BANK1            000C7-000EF              29           1
        BANK2            00120-0014F              30           1
        CODE             00001-00003               3           2
                         007FB-007FF               5
        CONST            00001-00003               3           2
                         007FB-007FF               5
        EEDATA           02160-0217F              20           2
        ENTRY            00001-00003               3           2
                         007FB-007FF               5
        IDLOC            02000-02003               4           2
        RAM              00061-0006F               F           1
                         000C7-000EF              29
                         00120-0014F              30
        SFR0             00000-0001F              20           1
        SFR1             00080-0009F              20           1
        SFR2             00100-0011F              20           1
        SFR3             00180-001EF              70           1
        STACK            00120-0014F              30           1
        STRCODE          00001-00003               3           2
                         007FB-007FF               5
        STRING           00001-00003               3           2
                         007FB-007FF               5

                                  Symbol Table

?___awdiv                         cstackBANK0  0002D
?___awmod                         cstackBANK0  0002D
?___wmul                          cstackCOMMON 00070
?i1___awdiv                       cstackCOMMON 00076
CellToInd@cell                    cstackBANK0  00039
EERD@EEDATA_BUP                   cstackBANK0  0002F
EERD@INTCON_BUP                   cstackBANK0  0002E
EERD@address                      cstackBANK0  0002D
EEWR@INTCON_BUP                   cstackBANK0  0002F
EEWR@address                      cstackBANK0  0002E
EEWR@data                         cstackBANK0  0002D
EditAddressMemory@CellIsEmpty     cstackBANK1  000AA
EditAddressMemory@CellsData       cstackBANK1  000A0
EditAddressMemory@ErrorShowed     cstackBANK1  000A8
EditAddressMemory@RereadCell      cstackBANK1  000A9
EditAddressMemory@cell            cstackBANK1  000AD
EditAddressMemory@i               cstackBANK1  000AB
EditAddressMemory@i_264           cstackBANK1  000AC
F@ButtonPressTimeIn1              bssBANK0     00052
F@ButtonPressTimeIn2              bssBANK0     00053
F@ButtonPressTimeOut              bssBANK0     00054
F@CurrentKeysState                cstackBANK0  0002C
F@DigitNumber                     bssBANK0     00055
F@KeyTimeCounter                  bssBANK0     00050
F@LastKeysState                   bssBANK0     00056
F@dig                             cstackBANK0  0002B
F@long_press                      bssBANK0     00057
FillArrayFromEEPROM@address_start cstackBANK0  00030
FillArrayFromEEPROM@container     cstackBANK0  00033
FillArrayFromEEPROM@i             cstackBANK0  00034
FillArrayFromEEPROM@quantity      cstackBANK0  00031
FindCell@CellIsEmpty              cstackBANK0  0003F
FindCell@CellsData                cstackBANK0  00036
FindCell@address                  cstackBANK0  00042
FindCell@addressNew               cstackBANK0  0003E
FindCell@addressStart             cstackBANK0  00040
FindCell@i                        cstackBANK0  00041
FindCell@previous                 cstackBANK0  00035
INIT@One                          cstackBANK0  00031
INIT@Zero                         cstackBANK0  0002F
INIT@b                            cstackBANK0  00030
INIT@line                         cstackBANK0  0002E
PL10                              text30       005D9
PL2                               text27       0011D
PL4                               text27       00125
PL6                               text13       00577
PL8                               text30       005D4
RX@One                            cstackBANK0  00032
RX@Zero                           cstackBANK0  0002F
RX@d                              cstackBANK0  00030
RX@i                              cstackBANK0  00031
RX@line                           cstackBANK0  0002E
ReadCell@CellsData                cstackBANK0  00035
ReadCell@cell                     cstackBANK0  00037
ReadCell@i                        cstackBANK0  00038
Run_getTemp@line                  cstackBANK0  0002D
TX@One                            cstackBANK0  00033
TX@Zero                           cstackBANK0  00031
TX@cmd                            cstackBANK0  0002F
TX@i                              cstackBANK0  00032
TX@line                           cstackBANK0  0002D
TX@temp                           cstackBANK0  00030
WriteArrayToEEPROM@address_start  cstackBANK0  00030
WriteArrayToEEPROM@container      cstackBANK0  00033
WriteArrayToEEPROM@i              cstackBANK0  00034
WriteArrayToEEPROM@quantity       cstackBANK0  00031
_Broadcasting                     bitbssBANK0  00300
_CMCON                            (abs)        0001F
_CellToInd                        text20       00608
_DS_Address                       dataBANK1    000BF
_DS_ReadData                      dataBANK1    000B6
_EEADR                            (abs)        0009B
_EECON1bits                       (abs)        0009C
_EECON2                           (abs)        0009D
_EEDATA                           (abs)        0009A
_EERD                             text17       007B4
_EEWR                             text12       00743
_EditAddressMemory                text7        00228
_F                                text26       002E6
_FillArrayFromEEPROM              text16       00794
_FindCell                         text6        00405
_INIT                             text19       00511
_INTCON                           (abs)        0000B
_INTCONbits                       (abs)        0000B
_KeyCode                          nvBANK0      0005F
_OPTION_REG                       (abs)        00081
_PORTA                            (abs)        00005
_PORTB                            (abs)        00006
_PortAData                        strings      007D7
_PowerBlocked                     bssBANK0     00058
_RA2                              (abs)        0002A
_RA5                              (abs)        0002D
_RX                               text18       005DE
_ReadCell                         text15       006D7
_Reset_powerOnInterval            text5        007EA
_Run_getTemp                      text4        0075B
_ShowError                        text14       007C3
_T0IF                             (abs)        0005A
_T2CON                            (abs)        00012
_TMR0                             (abs)        00001
_TRISA                            (abs)        00085
_TRISA4                           (abs)        0042C
_TRISB                            (abs)        00086
_TX                               text13       00549
_WriteArrayToEEPROM               text10       0076F
__Babs1                           abs1         042C0
__Bbank0                          bank0        042C0
__Bbank1                          bank1        042C0
__Bbank2                          bank2        042C0
__Bbank3                          bank3        042C0
__BbitbssBANK0                    bitbssBANK0  042C0
__Bclrtext                        clrtext      042C0
__Bcode                           code         042C0
__Bcommon                         common       042C0
__BcstackBANK0                    cstackBANK0  042C0
__BcstackBANK1                    cstackBANK1  042C0
__BcstackCOMMON                   cstackCOMMON 042C0
__BdataBANK1                      dataBANK1    042C0
__Beeprom_data                    eeprom_data  02100
__Bmaintext                       maintext     042C0
__Bpa_nodes                       pa_nodes     042C0
__Bram                            ram          042C0
__Bsfr0                           sfr0         042C0
__Bsfr1                           sfr1         042C0
__Bsfr2                           sfr2         042C0
__Bsfr3                           sfr3         042C0
__Bstrings                        strings      042C0
__Btext                           text         042C0
__CFG_BOREN$OFF                   (abs)        00000
__CFG_CP$ON                       (abs)        00000
__CFG_CPD$OFF                     (abs)        00000
__CFG_FOSC$INTOSCIO               (abs)        00000
__CFG_LVP$OFF                     (abs)        00000
__CFG_MCLRE$OFF                   (abs)        00000
__CFG_PWRTE$ON                    (abs)        00000
__CFG_WDTE$OFF                    (abs)        00000
__Habs1                           abs1         000C0
__Hbank0                          bank0        000C0
__Hbank1                          bank1        000C0
__Hbank2                          bank2        000C0
__Hbank3                          bank3        000C0
__HbitbssBANK0                    bitbssBANK0  21600
__HbssBANK0                       bssBANK0     042C0
__Hcinit                          cinit        0002D
__Hclrtext                        clrtext      000C0
__Hcode                           code         000C0
__Hcommon                         common       000C0
__Hconfig                         config       02008
__HcstackBANK0                    cstackBANK0  000C0
__HcstackBANK1                    cstackBANK1  000C0
__HcstackCOMMON                   cstackCOMMON 000C0
__HdataBANK1                      dataBANK1    000C0
__Heeprom_data                    eeprom_data  00060
__Hend_init                       end_init     00011
__Hfunctab                        functab      00000
__HidataBANK1                     idataBANK1   042C0
__Hidloc                          idloc        00000
__Hinit                           init         00010
__Hintentry                       intentry     00010
__Hmaintext                       maintext     000C0
__HnvBANK0                        nvBANK0      042C0
__Hpa_nodes                       pa_nodes     000C0
__Hpowerup                        powerup      00000
__Hram                            ram          000C0
__Hreset_vec                      reset_vec    00001
__Hsfr0                           sfr0         000C0
__Hsfr1                           sfr1         000C0
__Hsfr2                           sfr2         000C0
__Hsfr3                           sfr3         000C0
__Hspace_0                        (abs)        21600
__Hspace_1                        (abs)        00302
__Hspace_2                        (abs)        00000
__Hspace_3                        (abs)        00060
__Hstack                          stack        00000
__Hstrings                        strings      000C0
__Htext                           text         000C0
__Labs1                           abs1         000C0
__Lbank0                          bank0        000C0
__Lbank1                          bank1        000C0
__Lbank2                          bank2        000C0
__Lbank3                          bank3        000C0
__LbitbssBANK0                    bitbssBANK0  21600
__LbssBANK0                       bssBANK0     042C0
__Lcinit                          cinit        00011
__Lclrtext                        clrtext      000C0
__Lcode                           code         000C0
__Lcommon                         common       000C0
__Lconfig                         config       02007
__LcstackBANK0                    cstackBANK0  000C0
__LcstackBANK1                    cstackBANK1  000C0
__LcstackCOMMON                   cstackCOMMON 000C0
__LdataBANK1                      dataBANK1    000C0
__Leeprom_data                    eeprom_data  00000
__Lend_init                       end_init     00010
__Lfunctab                        functab      00000
__LidataBANK1                     idataBANK1   042C0
__Lidloc                          idloc        00000
__Linit                           init         00010
__Lintentry                       intentry     00004
__Lmaintext                       maintext     000C0
__LnvBANK0                        nvBANK0      042C0
__Lpa_nodes                       pa_nodes     000C0
__Lpowerup                        powerup      00000
__Lram                            ram          000C0
__Lreset_vec                      reset_vec    00000
__Lsfr0                           sfr0         000C0
__Lsfr1                           sfr1         000C0
__Lsfr2                           sfr2         000C0
__Lsfr3                           sfr3         000C0
__Lspace_0                        (abs)        00000
__Lspace_1                        (abs)        00000
__Lspace_2                        (abs)        00000
__Lspace_3                        (abs)        00000
__Lstack                          stack        00000
__Lstrings                        strings      000C0
__Ltext                           text         000C0
__S0                              (abs)        02008
__S1                              (abs)        000C7
__S2                              (abs)        00000
__S3                              (abs)        02160
___awdiv                          text25       0044A
___awdiv@counter                  cstackBANK0  00031
___awdiv@dividend                 cstackBANK0  0002F
___awdiv@divisor                  cstackBANK0  0002D
___awdiv@quotient                 cstackBANK0  00033
___awdiv@sign                     cstackBANK0  00032
___awmod                          text24       004D4
___awmod@counter                  cstackBANK0  00031
___awmod@dividend                 cstackBANK0  0002F
___awmod@divisor                  cstackBANK0  0002D
___awmod@sign                     cstackBANK0  00032
___int_sp                         stack        00000
___latbits                        (abs)        00000
___lbdiv                          text3        0070F
___lbdiv@counter                  cstackBANK0  0002F
___lbdiv@dividend                 cstackBANK0  0002E
___lbdiv@divisor                  cstackBANK0  0002D
___lbdiv@quotient                 cstackBANK0  00030
___lbmod                          text2        006BB
___lbmod@counter                  cstackBANK0  00030
___lbmod@dividend                 cstackBANK0  0002F
___lbmod@divisor                  cstackBANK0  0002D
___lbmod@rem                      cstackBANK0  00031
___sp                             stack        00000
___wmul                           text33       0072A
___wmul@multiplicand              cstackCOMMON 00072
___wmul@multiplier                cstackCOMMON 00070
___wmul@product                   cstackCOMMON 00074
__end_ofPL10                      text30       005DE
__end_ofPL2                       text27       00125
__end_ofPL4                       text27       0012D
__end_ofPL6                       text13       0057D
__end_ofPL8                       text30       005D9
__end_of_CellToInd                text20       00630
__end_of_EERD                     text17       007C3
__end_of_EEWR                     text12       0075B
__end_of_EditAddressMemory        text7        002E6
__end_of_F                        text26       00391
__end_of_FillArrayFromEEPROM      text16       007A5
__end_of_FindCell                 text6        0044A
__end_of_INIT                     text19       00549
__end_of_PortAData                strings      007DA
__end_of_RX                       text18       00608
__end_of_ReadCell                 text15       006F3
__end_of_Reset_powerOnInterval    text5        007F0
__end_of_Run_getTemp              text4        0076F
__end_of_ShowError                text14       007D1
__end_of_TX                       text13       00577
__end_of_WriteArrayToEEPROM       text10       00782
__end_of___awdiv                  text25       0048F
__end_of___awmod                  text24       00511
__end_of___lbdiv                  text3        0072A
__end_of___lbmod                  text2        006D7
__end_of___wmul                   text33       00743
__end_of__initialization          cinit        0002B
__end_of__stringtab               strings      007D7
__end_of_calc_crc                 text9        0069A
__end_of_clrInd                   text23       007F6
__end_of_convDig                  text34       0070F
__end_of_get_temp_Async           text27       0011D
__end_of_indData                  text1        00405
__end_of_main                     maintext     00228
__end_of_refreshInd               text22       007EA
__end_of_setDigit                 text21       00794
__end_of_setPoint                 text8        007B4
__end_of_waitInterrupt            text11       007FB
__end_ofi1_INIT                   text32       005AE
__end_ofi1_RX                     text31       00657
__end_ofi1_TX                     text30       005D4
__end_ofi1___awdiv                text29       004D4
__end_ofi1_calc_crc               text28       00679
__initialization                  cinit        00011
__pbitbssBANK0                    bitbssBANK0  00300
__pbssBANK0                       bssBANK0     00044
__pcstackBANK0                    cstackBANK0  00020
__pcstackBANK1                    cstackBANK1  000A0
__pcstackCOMMON                   cstackCOMMON 00070
__pdataBANK1                      dataBANK1    000B6
__pidataBANK1                     idataBANK1   00000
__pintentry                       intentry     00004
__pmaintext                       maintext     0012D
__pnvBANK0                        nvBANK0      0005D
__pstrings                        strings      007D1
__pswtext1                        swtext1      0069A
__ptext1                          text1        00391
__ptext10                         text10       0076F
__ptext11                         text11       007F6
__ptext12                         text12       00743
__ptext13                         text13       00549
__ptext14                         text14       007C3
__ptext15                         text15       006D7
__ptext16                         text16       00794
__ptext17                         text17       007B4
__ptext18                         text18       005DE
__ptext19                         text19       00511
__ptext2                          text2        006BB
__ptext20                         text20       00608
__ptext21                         text21       00782
__ptext22                         text22       007E2
__ptext23                         text23       007F0
__ptext24                         text24       004D4
__ptext25                         text25       0044A
__ptext26                         text26       002E6
__ptext27                         text27       0002D
__ptext28                         text28       00657
__ptext29                         text29       0048F
__ptext3                          text3        0070F
__ptext30                         text30       005AE
__ptext31                         text31       00630
__ptext32                         text32       0057D
__ptext33                         text33       0072A
__ptext34                         text34       006F3
__ptext4                          text4        0075B
__ptext5                          text5        007EA
__ptext6                          text6        00405
__ptext7                          text7        00228
__ptext8                          text8        007A5
__ptext9                          text9        00679
__size_of_CellToInd               (abs)        00000
__size_of_EERD                    (abs)        00000
__size_of_EEWR                    (abs)        00000
__size_of_EditAddressMemory       (abs)        00000
__size_of_F                       (abs)        00000
__size_of_FillArrayFromEEPROM     (abs)        00000
__size_of_FindCell                (abs)        00000
__size_of_INIT                    (abs)        00000
__size_of_RX                      (abs)        00000
__size_of_ReadCell                (abs)        00000
__size_of_Reset_powerOnInterval   (abs)        00000
__size_of_Run_getTemp             (abs)        00000
__size_of_ShowError               (abs)        00000
__size_of_TX                      (abs)        00000
__size_of_WriteArrayToEEPROM      (abs)        00000
__size_of___awdiv                 (abs)        00000
__size_of___awmod                 (abs)        00000
__size_of___lbdiv                 (abs)        00000
__size_of___lbmod                 (abs)        00000
__size_of___wmul                  (abs)        00000
__size_of_calc_crc                (abs)        00000
__size_of_clrInd                  (abs)        00000
__size_of_convDig                 (abs)        00000
__size_of_get_temp_Async          (abs)        00000
__size_of_indData                 (abs)        00000
__size_of_main                    (abs)        00000
__size_of_refreshInd              (abs)        00000
__size_of_setDigit                (abs)        00000
__size_of_setPoint                (abs)        00000
__size_of_waitInterrupt           (abs)        00000
__size_ofi1_INIT                  (abs)        00000
__size_ofi1_RX                    (abs)        00000
__size_ofi1_TX                    (abs)        00000
__size_ofi1___awdiv               (abs)        00000
__size_ofi1_calc_crc              (abs)        00000
__stringbase                      strings      007D6
__stringtab                       strings      007D1
_calc_crc                         text9        00679
_clrInd                           text23       007F0
_convDig                          text34       006F3
_digitemp                         bssBANK0     00059
_digits                           bssBANK0     0004A
_digits_0                         bssBANK0     0004D
_endInterrupt                     bitbssBANK0  00301
_getTemp_flags                    bssBANK0     00044
_get_temp_Async                   text27       0002D
_indData                          text1        00391
_main                             maintext     0012D
_main$278                         cstackBANK1  000B0
_powerOnInterval                  nvBANK0      0005D
_refreshInd                       text22       007E2
_setDigit                         text21       00782
_setPoint                         text8        007A5
_sign                             bssBANK0     0005A
_temp_drob                        bssBANK0     0005B
_temperature                      bssBANK0     0005C
_waitInterrupt                    text11       007F6
btemp                             (abs)        0007E
calc_crc@crc                      cstackBANK0  00032
calc_crc@dat                      cstackBANK0  0002E
calc_crc@fb                       cstackBANK0  0002F
calc_crc@i                        cstackBANK0  00031
calc_crc@len                      cstackBANK0  0002D
calc_crc@mas                      cstackBANK0  00030
clear_ram0                        clrtext      007DA
convDig@dig                       cstackCOMMON 00070
end_of_initialization             cinit        0002B
get_temp_Async@i                  cstackBANK0  00022
get_temp_Async@line               cstackBANK0  00025
get_temp_Async@temp1              cstackBANK0  00023
get_temp_Async@temp2              cstackBANK0  00024
i1INIT@One                        cstackCOMMON 00074
i1INIT@Zero                       cstackCOMMON 00072
i1INIT@b                          cstackCOMMON 00073
i1INIT@line                       cstackCOMMON 00071
i1RX@One                          cstackCOMMON 00075
i1RX@Zero                         cstackCOMMON 00072
i1RX@d                            cstackCOMMON 00073
i1RX@i                            cstackCOMMON 00074
i1RX@line                         cstackCOMMON 00071
i1TX@One                          cstackCOMMON 00076
i1TX@Zero                         cstackCOMMON 00074
i1TX@cmd                          cstackCOMMON 00072
i1TX@i                            cstackCOMMON 00075
i1TX@line                         cstackCOMMON 00070
i1TX@temp                         cstackCOMMON 00073
i1_INIT                           text32       0057D
i1_RX                             text31       00630
i1_TX                             text30       005AE
i1___awdiv                        text29       0048F
i1___awdiv@counter                cstackCOMMON 0007A
i1___awdiv@dividend               cstackCOMMON 00078
i1___awdiv@divisor                cstackCOMMON 00076
i1___awdiv@quotient               cstackCOMMON 0007C
i1___awdiv@sign                   cstackCOMMON 0007B
i1_calc_crc                       text28       00657
i1calc_crc@crc                    cstackCOMMON 00075
i1calc_crc@dat                    cstackCOMMON 00072
i1calc_crc@fb                     cstackCOMMON 00073
i1calc_crc@i                      cstackCOMMON 00074
i1calc_crc@len                    cstackCOMMON 00070
i1calc_crc@mas                    cstackCOMMON 00071
indData@cd                        cstackBANK0  0003D
indData@dN                        cstackBANK0  0003E
indData@isPoint                   cstackBANK0  0003B
indData@v                         cstackBANK0  0003C
indData@v_248                     cstackBANK0  0003A
interrupt_function                intentry     00004
intlevel0                         functab      00000
intlevel1                         functab      00000
intlevel2                         functab      00000
intlevel3                         functab      00000
intlevel4                         functab      00000
intlevel5                         functab      00000
ltemp                             (abs)        0007E
ltemp0                            (abs)        0007E
ltemp1                            (abs)        00082
ltemp2                            (abs)        00086
ltemp3                            (abs)        00080
main@TheStart                     cstackBANK1  000B2
main@address                      cstackBANK1  000B4
main@cell                         cstackBANK1  000B3
main@line                         cstackBANK1  000B5
main@point_on_ind_delay           cstackBANK1  000AE
reset_vec                         reset_vec    00000
saved_w                           (abs)        0007E
setDigit@a                        cstackBANK0  00038
setDigit@data                     cstackBANK0  00035
setPoint@dignum                   cstackBANK0  0002E
setPoint@value                    cstackBANK0  0002D
stackhi                           (abs)        00000
stacklo                           (abs)        00000
start                             init         00010
start_initialization              cinit        00011
ttemp                             (abs)        0007E
ttemp0                            (abs)        0007E
ttemp1                            (abs)        00081
ttemp2                            (abs)        00084
ttemp3                            (abs)        00087
ttemp4                            (abs)        0007F
wtemp                             (abs)        0007E
wtemp0                            (abs)        0007E
wtemp1                            (abs)        00080
wtemp2                            (abs)        00082
wtemp3                            (abs)        00084
wtemp4                            (abs)        00086
wtemp5                            (abs)        00088
wtemp6                            (abs)        0007F


FUNCTION INFORMATION:

 *************** function _main *****************
 Defined at:
		line 765 in file "prog.c"
 Parameters:    Size  Location     Type
		None
 Auto vars:     Size  Location     Type
  point_on_ind    2   14[BANK1 ] unsigned int 
  line            1   21[BANK1 ] unsigned char 
  address         1   20[BANK1 ] unsigned char 
  cell            1   19[BANK1 ] unsigned char 
  TheStart        1   18[BANK1 ] unsigned char 
 Return value:  Size  Location     Type
                  1    wreg      void 
 Registers used:
		wreg, fsr0l, fsr0h, status,2, status,0, pclath, cstack
 Tracked objects:
		On entry : 
		On exit  : 
		Unchanged: 
 Data sizes:     COMMON   BANK0   BANK1   BANK2
      Params:         0       0       0       0
      Locals:         0       0       8       0
      Temps:          0       1       0       0
      Totals:         0       1       8       0
Total ram usage:        9 bytes
 Hardware stack levels required when called:    7
 This function calls:
		_CellToInd
		_EditAddressMemory
		_FillArrayFromEEPROM
		_FindCell
		_Reset_powerOnInterval
		_Run_getTemp
		_ShowError
		_clrInd
		_indData
		_refreshInd
		_setDigit
		_setPoint
		_waitInterrupt
 This function is called by:
		Startup code after reset
 This function uses a non-reentrant model


 *************** function _indData *****************
 Defined at:
		line 596 in file "prog.c"
 Parameters:    Size  Location     Type
		None
 Auto vars:     Size  Location     Type
  v               1   26[BANK0 ] unsigned char 
  v               1   28[BANK0 ] unsigned char 
  dN              1   30[BANK0 ] unsigned char 
  cd              1   29[BANK0 ] unsigned char 
  isPoint         1   27[BANK0 ] unsigned char 
 Return value:  Size  Location     Type
                  1    wreg      void 
 Registers used:
		wreg, fsr0l, fsr0h, status,2, status,0, pclath, cstack
 Tracked objects:
		On entry : 
		On exit  : 
		Unchanged: 
 Data sizes:     COMMON   BANK0   BANK1   BANK2
      Params:         0       0       0       0
      Locals:         0       5       0       0
      Temps:          0       1       0       0
      Totals:         0       6       0       0
Total ram usage:        6 bytes
 Hardware stack levels used:    1
 Hardware stack levels required when called:    4
 This function calls:
		___lbdiv
		___lbmod
		_setDigit
		_setPoint
 This function is called by:
		_main
 This function uses a non-reentrant model


 *************** function ___lbmod *****************
 Defined at:
		line 4 in file "C:\Program Files (x86)\Microchip\xc8\v1.38\sources\common\lbmod.c"
 Parameters:    Size  Location     Type
  dividend        1    wreg     unsigned char 
  divisor         1   13[BANK0 ] unsigned char 
 Auto vars:     Size  Location     Type
  dividend        1   15[BANK0 ] unsigned char 
  rem             1   17[BANK0 ] unsigned char 
  counter         1   16[BANK0 ] unsigned char 
 Return value:  Size  Location     Type
                  1    wreg      unsigned char 
 Registers used:
		wreg, status,2, status,0
 Tracked objects:
		On entry : 
		On exit  : 
		Unchanged: 
 Data sizes:     COMMON   BANK0   BANK1   BANK2
      Params:         0       1       0       0
      Locals:         0       3       0       0
      Temps:          0       1       0       0
      Totals:         0       5       0       0
Total ram usage:        5 bytes
 Hardware stack levels used:    1
 Hardware stack levels required when called:    3
 This function calls:
		Nothing
 This function is called by:
		_indData
 This function uses a non-reentrant model


 *************** function ___lbdiv *****************
 Defined at:
		line 4 in file "C:\Program Files (x86)\Microchip\xc8\v1.38\sources\common\lbdiv.c"
 Parameters:    Size  Location     Type
  dividend        1    wreg     unsigned char 
  divisor         1   13[BANK0 ] unsigned char 
 Auto vars:     Size  Location     Type
  dividend        1   14[BANK0 ] unsigned char 
  quotient        1   16[BANK0 ] unsigned char 
  counter         1   15[BANK0 ] unsigned char 
 Return value:  Size  Location     Type
                  1    wreg      unsigned char 
 Registers used:
		wreg, status,2, status,0
 Tracked objects:
		On entry : 
		On exit  : 
		Unchanged: 
 Data sizes:     COMMON   BANK0   BANK1   BANK2
      Params:         0       1       0       0
      Locals:         0       3       0       0
      Temps:          0       0       0       0
      Totals:         0       4       0       0
Total ram usage:        4 bytes
 Hardware stack levels used:    1
 Hardware stack levels required when called:    3
 This function calls:
		Nothing
 This function is called by:
		_indData
 This function uses a non-reentrant model


 *************** function _Run_getTemp *****************
 Defined at:
		line 747 in file "prog.c"
 Parameters:    Size  Location     Type
  line            1    wreg     unsigned char 
 Auto vars:     Size  Location     Type
  line            1   13[BANK0 ] unsigned char 
 Return value:  Size  Location     Type
                  1    wreg      void 
 Registers used:
		wreg, status,2, status,0
 Tracked objects:
		On entry : 
		On exit  : 
		Unchanged: 
 Data sizes:     COMMON   BANK0   BANK1   BANK2
      Params:         0       0       0       0
      Locals:         0       1       0       0
      Temps:          0       0       0       0
      Totals:         0       1       0       0
Total ram usage:        1 bytes
 Hardware stack levels used:    1
 Hardware stack levels required when called:    3
 This function calls:
		Nothing
 This function is called by:
		_main
 This function uses a non-reentrant model


 *************** function _Reset_powerOnInterval *****************
 Defined at:
		line 96 in file "prog.c"
 Parameters:    Size  Location     Type
		None
 Auto vars:     Size  Location     Type
		None
 Return value:  Size  Location     Type
                  1    wreg      void 
 Registers used:
		wreg
 Tracked objects:
		On entry : 
		On exit  : 
		Unchanged: 
 Data sizes:     COMMON   BANK0   BANK1   BANK2
      Params:         0       0       0       0
      Locals:         0       0       0       0
      Temps:          0       0       0       0
      Totals:         0       0       0       0
Total ram usage:        0 bytes
 Hardware stack levels used:    1
 Hardware stack levels required when called:    3
 This function calls:
		Nothing
 This function is called by:
		_main
 This function uses a non-reentrant model


 *************** function _FindCell *****************
 Defined at:
		line 455 in file "prog.c"
 Parameters:    Size  Location     Type
  addressStart    1    wreg     unsigned char 
  previous        1   21[BANK0 ] unsigned char 
 Auto vars:     Size  Location     Type
  addressStart    1   32[BANK0 ] unsigned char 
  i               1   33[BANK0 ] unsigned char 
  CellsData       8   22[BANK0 ] unsigned char [8]
  CellIsEmpty     1   31[BANK0 ] unsigned char 
  address         1   34[BANK0 ] unsigned char 
  addressNew      1   30[BANK0 ] unsigned char 
 Return value:  Size  Location     Type
                  1    wreg      unsigned char 
 Registers used:
		wreg, fsr0l, fsr0h, status,2, status,0, pclath, cstack
 Tracked objects:
		On entry : 
		On exit  : 
		Unchanged: 
 Data sizes:     COMMON   BANK0   BANK1   BANK2
      Params:         0       1       0       0
      Locals:         0      13       0       0
      Temps:          0       0       0       0
      Totals:         0      14       0       0
Total ram usage:       14 bytes
 Hardware stack levels used:    1
 Hardware stack levels required when called:    5
 This function calls:
		_FillArrayFromEEPROM
		_waitInterrupt
 This function is called by:
		_main
 This function uses a non-reentrant model


 *************** function _EditAddressMemory *****************
 Defined at:
		line 659 in file "prog.c"
 Parameters:    Size  Location     Type
		None
 Auto vars:     Size  Location     Type
  i               1   11[BANK1 ] unsigned char 
  i               1   12[BANK1 ] unsigned char 
  CellsData       8    0[BANK1 ] unsigned char [8]
  cell            1   13[BANK1 ] unsigned char 
  CellIsEmpty     1   10[BANK1 ] unsigned char 
  RereadCell      1    9[BANK1 ] unsigned char 
  ErrorShowed     1    8[BANK1 ] unsigned char 
 Return value:  Size  Location     Type
                  1    wreg      void 
 Registers used:
		wreg, fsr0l, fsr0h, status,2, status,0, pclath, cstack
 Tracked objects:
		On entry : 
		On exit  : 
		Unchanged: 
 Data sizes:     COMMON   BANK0   BANK1   BANK2
      Params:         0       0       0       0
      Locals:         0       0      14       0
      Temps:          0       1       0       0
      Totals:         0       1      14       0
Total ram usage:       15 bytes
 Hardware stack levels used:    1
 Hardware stack levels required when called:    6
 This function calls:
		_CellToInd
		_INIT
		_RX
		_ReadCell
		_ShowError
		_TX
		_WriteArrayToEEPROM
		_calc_crc
		_clrInd
		_refreshInd
		_setPoint
		_waitInterrupt
 This function is called by:
		_main
 This function uses a non-reentrant model


 *************** function _setPoint *****************
 Defined at:
		line 108 in file "prog.c"
 Parameters:    Size  Location     Type
  dignum          1    wreg     unsigned char 
  value           1   13[BANK0 ] unsigned char 
 Auto vars:     Size  Location     Type
  dignum          1   14[BANK0 ] unsigned char 
 Return value:  Size  Location     Type
                  1    wreg      void 
 Registers used:
		wreg, fsr0l, fsr0h, status,2, status,0
 Tracked objects:
		On entry : 
		On exit  : 
		Unchanged: 
 Data sizes:     COMMON   BANK0   BANK1   BANK2
      Params:         0       1       0       0
      Locals:         0       1       0       0
      Temps:          0       0       0       0
      Totals:         0       2       0       0
Total ram usage:        2 bytes
 Hardware stack levels used:    1
 Hardware stack levels required when called:    3
 This function calls:
		Nothing
 This function is called by:
		_indData
		_EditAddressMemory
		_main
 This function uses a non-reentrant model


 *************** function _calc_crc *****************
 Defined at:
		line 279 in file "prog.c"
 Parameters:    Size  Location     Type
  mas             1    wreg     PTR unsigned char 
		 -> EditAddressMemory@CellsData(8), DS_ReadData(9), 
  len             1   13[BANK0 ] unsigned char 
 Auto vars:     Size  Location     Type
  mas             1   16[BANK0 ] PTR unsigned char 
		 -> EditAddressMemory@CellsData(8), DS_ReadData(9), 
  fb              1   15[BANK0 ] unsigned char 
  i               1   17[BANK0 ] unsigned char 
  dat             1   14[BANK0 ] unsigned char 
  crc             1   18[BANK0 ] unsigned char 
 Return value:  Size  Location     Type
                  1    wreg      unsigned char 
 Registers used:
		wreg, fsr0l, fsr0h, status,2, status,0
 Tracked objects:
		On entry : 
		On exit  : 
		Unchanged: 
 Data sizes:     COMMON   BANK0   BANK1   BANK2
      Params:         0       1       0       0
      Locals:         0       5       0       0
      Temps:          0       0       0       0
      Totals:         0       6       0       0
Total ram usage:        6 bytes
 Hardware stack levels used:    1
 Hardware stack levels required when called:    3
 This function calls:
		Nothing
 This function is called by:
		_EditAddressMemory
 This function uses a non-reentrant model


 *************** function _WriteArrayToEEPROM *****************
 Defined at:
		line 211 in file "prog.c"
 Parameters:    Size  Location     Type
  container       1    wreg     PTR unsigned char 
		 -> EditAddressMemory@CellsData(8), 
  address_star    1   16[BANK0 ] unsigned char 
  quantity        1   17[BANK0 ] unsigned char 
 Auto vars:     Size  Location     Type
  container       1   19[BANK0 ] PTR unsigned char 
		 -> EditAddressMemory@CellsData(8), 
  i               1   20[BANK0 ] unsigned char 
 Return value:  Size  Location     Type
                  1    wreg      void 
 Registers used:
		wreg, fsr0l, fsr0h, status,2, status,0, pclath, cstack
 Tracked objects:
		On entry : 
		On exit  : 
		Unchanged: 
 Data sizes:     COMMON   BANK0   BANK1   BANK2
      Params:         0       2       0       0
      Locals:         0       2       0       0
      Temps:          0       1       0       0
      Totals:         0       5       0       0
Total ram usage:        5 bytes
 Hardware stack levels used:    1
 Hardware stack levels required when called:    4
 This function calls:
		_EEWR
		_waitInterrupt
 This function is called by:
		_EditAddressMemory
 This function uses a non-reentrant model


 *************** function _waitInterrupt *****************
 Defined at:
		line 91 in file "prog.c"
 Parameters:    Size  Location     Type
		None
 Auto vars:     Size  Location     Type
		None
 Return value:  Size  Location     Type
                  1    wreg      void 
 Registers used:
		None
 Tracked objects:
		On entry : 
		On exit  : 
		Unchanged: 
 Data sizes:     COMMON   BANK0   BANK1   BANK2
      Params:         0       0       0       0
      Locals:         0       0       0       0
      Temps:          0       0       0       0
      Totals:         0       0       0       0
Total ram usage:        0 bytes
 Hardware stack levels used:    1
 Hardware stack levels required when called:    3
 This function calls:
		Nothing
 This function is called by:
		_WriteArrayToEEPROM
		_FindCell
		_EditAddressMemory
		_main
 This function uses a non-reentrant model


 *************** function _EEWR *****************
 Defined at:
		line 179 in file "prog.c"
 Parameters:    Size  Location     Type
  address         1    wreg     unsigned char 
  data            1   13[BANK0 ] unsigned char 
 Auto vars:     Size  Location     Type
  address         1   14[BANK0 ] unsigned char 
  INTCON_BUP      1   15[BANK0 ] volatile unsigned char 
 Return value:  Size  Location     Type
                  1    wreg      void 
 Registers used:
		wreg
 Tracked objects:
		On entry : 
		On exit  : 
		Unchanged: 
 Data sizes:     COMMON   BANK0   BANK1   BANK2
      Params:         0       1       0       0
      Locals:         0       2       0       0
      Temps:          0       0       0       0
      Totals:         0       3       0       0
Total ram usage:        3 bytes
 Hardware stack levels used:    1
 Hardware stack levels required when called:    3
 This function calls:
		Nothing
 This function is called by:
		_WriteArrayToEEPROM
 This function uses a non-reentrant model


 *************** function _TX *****************
 Defined at:
		line 237 in file "prog.c"
 Parameters:    Size  Location     Type
  cmd             1    wreg     unsigned char 
  line            1   13[BANK0 ] unsigned char 
 Auto vars:     Size  Location     Type
  cmd             1   15[BANK0 ] unsigned char 
  One             1   19[BANK0 ] unsigned char 
  i               1   18[BANK0 ] unsigned char 
  Zero            1   17[BANK0 ] unsigned char 
  temp            1   16[BANK0 ] unsigned char 
 Return value:  Size  Location     Type
                  1    wreg      void 
 Registers used:
		wreg, status,2, status,0
 Tracked objects:
		On entry : 
		On exit  : 
		Unchanged: 
 Data sizes:     COMMON   BANK0   BANK1   BANK2
      Params:         0       1       0       0
      Locals:         0       5       0       0
      Temps:          0       1       0       0
      Totals:         0       7       0       0
Total ram usage:        7 bytes
 Hardware stack levels used:    1
 Hardware stack levels required when called:    3
 This function calls:
		Nothing
 This function is called by:
		_EditAddressMemory
 This function uses a non-reentrant model


 *************** function _ShowError *****************
 Defined at:
		line 124 in file "prog.c"
 Parameters:    Size  Location     Type
		None
 Auto vars:     Size  Location     Type
		None
 Return value:  Size  Location     Type
                  1    wreg      void 
 Registers used:
		wreg, fsr0l, fsr0h, status,2, status,0, pclath, cstack
 Tracked objects:
		On entry : 
		On exit  : 
		Unchanged: 
 Data sizes:     COMMON   BANK0   BANK1   BANK2
      Params:         0       0       0       0
      Locals:         0       0       0       0
      Temps:          0       0       0       0
      Totals:         0       0       0       0
Total ram usage:        0 bytes
 Hardware stack levels used:    1
 Hardware stack levels required when called:    4
 This function calls:
		_clrInd
		_refreshInd
		_setDigit
 This function is called by:
		_EditAddressMemory
		_main
 This function uses a non-reentrant model


 *************** function _ReadCell *****************
 Defined at:
		line 636 in file "prog.c"
 Parameters:    Size  Location     Type
  cell            1    wreg     unsigned char 
  CellsData       1   21[BANK0 ] PTR unsigned char 
		 -> EditAddressMemory@CellsData(8), 
 Auto vars:     Size  Location     Type
  cell            1   23[BANK0 ] unsigned char 
  i               1   24[BANK0 ] unsigned char 
 Return value:  Size  Location     Type
                  1    wreg      unsigned char 
 Registers used:
		wreg, fsr0l, fsr0h, status,2, status,0, pclath, cstack
 Tracked objects:
		On entry : 
		On exit  : 
		Unchanged: 
 Data sizes:     COMMON   BANK0   BANK1   BANK2
      Params:         0       1       0       0
      Locals:         0       2       0       0
      Temps:          0       1       0       0
      Totals:         0       4       0       0
Total ram usage:        4 bytes
 Hardware stack levels used:    1
 Hardware stack levels required when called:    5
 This function calls:
		_FillArrayFromEEPROM
 This function is called by:
		_EditAddressMemory
 This function uses a non-reentrant model


 *************** function _FillArrayFromEEPROM *****************
 Defined at:
		line 205 in file "prog.c"
 Parameters:    Size  Location     Type
  container       1    wreg     PTR unsigned char 
		 -> EditAddressMemory@CellsData(8), FindCell@CellsData(8), DS_Address(8), 
  address_star    1   16[BANK0 ] unsigned char 
  quantity        1   17[BANK0 ] unsigned char 
 Auto vars:     Size  Location     Type
  container       1   19[BANK0 ] PTR unsigned char 
		 -> EditAddressMemory@CellsData(8), FindCell@CellsData(8), DS_Address(8), 
  i               1   20[BANK0 ] unsigned char 
 Return value:  Size  Location     Type
                  1    wreg      void 
 Registers used:
		wreg, fsr0l, fsr0h, status,2, status,0, pclath, cstack
 Tracked objects:
		On entry : 
		On exit  : 
		Unchanged: 
 Data sizes:     COMMON   BANK0   BANK1   BANK2
      Params:         0       2       0       0
      Locals:         0       2       0       0
      Temps:          0       1       0       0
      Totals:         0       5       0       0
Total ram usage:        5 bytes
 Hardware stack levels used:    1
 Hardware stack levels required when called:    4
 This function calls:
		_EERD
 This function is called by:
		_FindCell
		_ReadCell
		_main
 This function uses a non-reentrant model


 *************** function _EERD *****************
 Defined at:
		line 194 in file "prog.c"
 Parameters:    Size  Location     Type
  address         1    wreg     unsigned char 
 Auto vars:     Size  Location     Type
  address         1   13[BANK0 ] unsigned char 
  EEDATA_BUP      1   15[BANK0 ] volatile unsigned char 
  INTCON_BUP      1   14[BANK0 ] volatile unsigned char 
 Return value:  Size  Location     Type
                  1    wreg      unsigned char 
 Registers used:
		wreg
 Tracked objects:
		On entry : 
		On exit  : 
		Unchanged: 
 Data sizes:     COMMON   BANK0   BANK1   BANK2
      Params:         0       0       0       0
      Locals:         0       3       0       0
      Temps:          0       0       0       0
      Totals:         0       3       0       0
Total ram usage:        3 bytes
 Hardware stack levels used:    1
 Hardware stack levels required when called:    3
 This function calls:
		Nothing
 This function is called by:
		_FillArrayFromEEPROM
 This function uses a non-reentrant model


 *************** function _RX *****************
 Defined at:
		line 260 in file "prog.c"
 Parameters:    Size  Location     Type
  line            1    wreg     unsigned char 
 Auto vars:     Size  Location     Type
  line            1   14[BANK0 ] unsigned char 
  i               1   17[BANK0 ] unsigned char 
  One             1   18[BANK0 ] unsigned char 
  d               1   16[BANK0 ] unsigned char 
  Zero            1   15[BANK0 ] unsigned char 
 Return value:  Size  Location     Type
                  1    wreg      unsigned char 
 Registers used:
		wreg, status,2, status,0
 Tracked objects:
		On entry : 
		On exit  : 
		Unchanged: 
 Data sizes:     COMMON   BANK0   BANK1   BANK2
      Params:         0       0       0       0
      Locals:         0       5       0       0
      Temps:          0       1       0       0
      Totals:         0       6       0       0
Total ram usage:        6 bytes
 Hardware stack levels used:    1
 Hardware stack levels required when called:    3
 This function calls:
		Nothing
 This function is called by:
		_EditAddressMemory
 This function uses a non-reentrant model


 *************** function _INIT *****************
 Defined at:
		line 219 in file "prog.c"
 Parameters:    Size  Location     Type
  line            1    wreg     unsigned char 
 Auto vars:     Size  Location     Type
  line            1   14[BANK0 ] unsigned char 
  One             1   17[BANK0 ] unsigned char 
  b               1   16[BANK0 ] unsigned char 
  Zero            1   15[BANK0 ] unsigned char 
 Return value:  Size  Location     Type
                  1    wreg      unsigned char 
 Registers used:
		wreg, status,2, status,0
 Tracked objects:
		On entry : 
		On exit  : 
		Unchanged: 
 Data sizes:     COMMON   BANK0   BANK1   BANK2
      Params:         0       0       0       0
      Locals:         0       4       0       0
      Temps:          0       1       0       0
      Totals:         0       5       0       0
Total ram usage:        5 bytes
 Hardware stack levels used:    1
 Hardware stack levels required when called:    3
 This function calls:
		Nothing
 This function is called by:
		_EditAddressMemory
 This function uses a non-reentrant model


 *************** function _CellToInd *****************
 Defined at:
		line 646 in file "prog.c"
 Parameters:    Size  Location     Type
  cell            1    wreg     unsigned char 
 Auto vars:     Size  Location     Type
  cell            1   25[BANK0 ] unsigned char 
 Return value:  Size  Location     Type
                  1    wreg      void 
 Registers used:
		wreg, fsr0l, fsr0h, status,2, status,0, pclath, cstack
 Tracked objects:
		On entry : 
		On exit  : 
		Unchanged: 
 Data sizes:     COMMON   BANK0   BANK1   BANK2
      Params:         0       0       0       0
      Locals:         0       1       0       0
      Temps:          0       0       0       0
      Totals:         0       1       0       0
Total ram usage:        1 bytes
 Hardware stack levels used:    1
 Hardware stack levels required when called:    4
 This function calls:
		___awdiv
		___awmod
		_clrInd
		_refreshInd
		_setDigit
 This function is called by:
		_EditAddressMemory
		_main
 This function uses a non-reentrant model


 *************** function _setDigit *****************
 Defined at:
		line 104 in file "prog.c"
 Parameters:    Size  Location     Type
  a               1    wreg     unsigned char 
  data            1   21[BANK0 ] unsigned char 
 Auto vars:     Size  Location     Type
  a               1   24[BANK0 ] unsigned char 
 Return value:  Size  Location     Type
                  1    wreg      void 
 Registers used:
		wreg, fsr0l, fsr0h, status,2, status,0
 Tracked objects:
		On entry : 
		On exit  : 
		Unchanged: 
 Data sizes:     COMMON   BANK0   BANK1   BANK2
      Params:         0       1       0       0
      Locals:         0       1       0       0
      Temps:          0       2       0       0
      Totals:         0       4       0       0
Total ram usage:        4 bytes
 Hardware stack levels used:    1
 Hardware stack levels required when called:    3
 This function calls:
		Nothing
 This function is called by:
		_ShowError
		_indData
		_CellToInd
		_main
 This function uses a non-reentrant model


 *************** function _refreshInd *****************
 Defined at:
		line 112 in file "prog.c"
 Parameters:    Size  Location     Type
		None
 Auto vars:     Size  Location     Type
		None
 Return value:  Size  Location     Type
                  1    wreg      void 
 Registers used:
		wreg
 Tracked objects:
		On entry : 
		On exit  : 
		Unchanged: 
 Data sizes:     COMMON   BANK0   BANK1   BANK2
      Params:         0       0       0       0
      Locals:         0       0       0       0
      Temps:          0       0       0       0
      Totals:         0       0       0       0
Total ram usage:        0 bytes
 Hardware stack levels used:    1
 Hardware stack levels required when called:    3
 This function calls:
		Nothing
 This function is called by:
		_ShowError
		_CellToInd
		_EditAddressMemory
		_main
 This function uses a non-reentrant model


 *************** function _clrInd *****************
 Defined at:
		line 118 in file "prog.c"
 Parameters:    Size  Location     Type
		None
 Auto vars:     Size  Location     Type
		None
 Return value:  Size  Location     Type
                  1    wreg      void 
 Registers used:
		wreg
 Tracked objects:
		On entry : 
		On exit  : 
		Unchanged: 
 Data sizes:     COMMON   BANK0   BANK1   BANK2
      Params:         0       0       0       0
      Locals:         0       0       0       0
      Temps:          0       0       0       0
      Totals:         0       0       0       0
Total ram usage:        0 bytes
 Hardware stack levels used:    1
 Hardware stack levels required when called:    3
 This function calls:
		Nothing
 This function is called by:
		_ShowError
		_CellToInd
		_EditAddressMemory
		_main
 This function uses a non-reentrant model


 *************** function ___awmod *****************
 Defined at:
		line 6 in file "C:\Program Files (x86)\Microchip\xc8\v1.38\sources\common\awmod.c"
 Parameters:    Size  Location     Type
  divisor         2   13[BANK0 ] int 
  dividend        2   15[BANK0 ] int 
 Auto vars:     Size  Location     Type
  sign            1   18[BANK0 ] unsigned char 
  counter         1   17[BANK0 ] unsigned char 
 Return value:  Size  Location     Type
                  2   13[BANK0 ] int 
 Registers used:
		wreg, status,2, status,0
 Tracked objects:
		On entry : 
		On exit  : 
		Unchanged: 
 Data sizes:     COMMON   BANK0   BANK1   BANK2
      Params:         0       4       0       0
      Locals:         0       2       0       0
      Temps:          0       0       0       0
      Totals:         0       6       0       0
Total ram usage:        6 bytes
 Hardware stack levels used:    1
 Hardware stack levels required when called:    3
 This function calls:
		Nothing
 This function is called by:
		_CellToInd
 This function uses a non-reentrant model


 *************** function ___awdiv *****************
 Defined at:
		line 6 in file "C:\Program Files (x86)\Microchip\xc8\v1.38\sources\common\awdiv.c"
 Parameters:    Size  Location     Type
  divisor         2   13[BANK0 ] int 
  dividend        2   15[BANK0 ] int 
 Auto vars:     Size  Location     Type
  quotient        2   19[BANK0 ] int 
  sign            1   18[BANK0 ] unsigned char 
  counter         1   17[BANK0 ] unsigned char 
 Return value:  Size  Location     Type
                  2   13[BANK0 ] int 
 Registers used:
		wreg, status,2, status,0
 Tracked objects:
		On entry : 
		On exit  : 
		Unchanged: 
 Data sizes:     COMMON   BANK0   BANK1   BANK2
      Params:         0       4       0       0
      Locals:         0       4       0       0
      Temps:          0       0       0       0
      Totals:         0       8       0       0
Total ram usage:        8 bytes
 Hardware stack levels used:    1
 Hardware stack levels required when called:    3
 This function calls:
		Nothing
 This function is called by:
		_CellToInd
 This function uses a non-reentrant model


 *************** function _F *****************
 Defined at:
		line 489 in file "prog.c"
 Parameters:    Size  Location     Type
		None
 Auto vars:     Size  Location     Type
  CurrentKeysS    1   12[BANK0 ] unsigned char 
  dig             1   11[BANK0 ] unsigned char 
 Return value:  Size  Location     Type
                  1    wreg      void 
 Registers used:
		wreg, fsr0l, fsr0h, status,2, status,0, pclath, cstack
 Tracked objects:
		On entry : 
		On exit  : 
		Unchanged: 
 Data sizes:     COMMON   BANK0   BANK1   BANK2
      Params:         0       0       0       0
      Locals:         0       2       0       0
      Temps:          0       5       0       0
      Totals:         0       7       0       0
Total ram usage:        7 bytes
 Hardware stack levels used:    1
 Hardware stack levels required when called:    2
 This function calls:
		_convDig
		_get_temp_Async
 This function is called by:
		Interrupt level 1
 This function uses a non-reentrant model


 *************** function _get_temp_Async *****************
 Defined at:
		line 357 in file "prog.c"
 Parameters:    Size  Location     Type
		None
 Auto vars:     Size  Location     Type
  temp2           1    4[BANK0 ] unsigned char 
  temp1           1    3[BANK0 ] unsigned char 
  i               1    2[BANK0 ] unsigned char 
  line            1    5[BANK0 ] unsigned char 
 Return value:  Size  Location     Type
                  1    wreg      void 
 Registers used:
		wreg, fsr0l, fsr0h, status,2, status,0, pclath, cstack
 Tracked objects:
		On entry : 
		On exit  : 
		Unchanged: 
 Data sizes:     COMMON   BANK0   BANK1   BANK2
      Params:         0       0       0       0
      Locals:         0       4       0       0
      Temps:          0       2       0       0
      Totals:         0       6       0       0
Total ram usage:        6 bytes
 Hardware stack levels used:    1
 Hardware stack levels required when called:    1
 This function calls:
		___wmul
		i1_INIT
		i1_RX
		i1_TX
		i1___awdiv
		i1_calc_crc
 This function is called by:
		_F
 This function uses a non-reentrant model


 *************** function i1_calc_crc *****************
 Defined at:
		line 279 in file "prog.c"
 Parameters:    Size  Location     Type
  mas             1    wreg     PTR unsigned char 
		 -> EditAddressMemory@CellsData(8), DS_ReadData(9), 
  len             1    0[COMMON] unsigned char 
 Auto vars:     Size  Location     Type
  mas             1    1[COMMON] PTR unsigned char 
		 -> EditAddressMemory@CellsData(8), DS_ReadData(9), 
  calc_crc        1    5[COMMON] unsigned char 
  calc_crc        1    4[COMMON] unsigned char 
  calc_crc        1    3[COMMON] unsigned char 
  calc_crc        1    2[COMMON] unsigned char 
 Return value:  Size  Location     Type
                  1    wreg      unsigned char 
 Registers used:
		wreg, fsr0l, fsr0h, status,2, status,0
 Tracked objects:
		On entry : 
		On exit  : 
		Unchanged: 
 Data sizes:     COMMON   BANK0   BANK1   BANK2
      Params:         1       0       0       0
      Locals:         5       0       0       0
      Temps:          0       0       0       0
      Totals:         6       0       0       0
Total ram usage:        6 bytes
 Hardware stack levels used:    1
 This function calls:
		Nothing
 This function is called by:
		_get_temp_Async
 This function uses a non-reentrant model


 *************** function i1___awdiv *****************
 Defined at:
		line 6 in file "C:\Program Files (x86)\Microchip\xc8\v1.38\sources\common\awdiv.c"
 Parameters:    Size  Location     Type
  divisor         2    6[COMMON] int 
  dividend        2    8[COMMON] int 
 Auto vars:     Size  Location     Type
  __awdiv         2   12[COMMON] int 
  __awdiv         1   11[COMMON] unsigned char 
  __awdiv         1   10[COMMON] unsigned char 
 Return value:  Size  Location     Type
                  2    6[COMMON] int 
 Registers used:
		wreg, status,2, status,0
 Tracked objects:
		On entry : 
		On exit  : 
		Unchanged: 
 Data sizes:     COMMON   BANK0   BANK1   BANK2
      Params:         4       0       0       0
      Locals:         4       0       0       0
      Temps:          0       0       0       0
      Totals:         8       0       0       0
Total ram usage:        8 bytes
 Hardware stack levels used:    1
 This function calls:
		Nothing
 This function is called by:
		_get_temp_Async
 This function uses a non-reentrant model


 *************** function i1_TX *****************
 Defined at:
		line 237 in file "prog.c"
 Parameters:    Size  Location     Type
  cmd             1    wreg     unsigned char 
  line            1    0[COMMON] unsigned char 
 Auto vars:     Size  Location     Type
  cmd             1    2[COMMON] unsigned char 
  TX              1    6[COMMON] unsigned char 
  TX              1    5[COMMON] unsigned char 
  TX              1    4[COMMON] unsigned char 
  TX              1    3[COMMON] unsigned char 
 Return value:  Size  Location     Type
                  1    wreg      void 
 Registers used:
		wreg, status,2, status,0
 Tracked objects:
		On entry : 
		On exit  : 
		Unchanged: 
 Data sizes:     COMMON   BANK0   BANK1   BANK2
      Params:         1       0       0       0
      Locals:         5       0       0       0
      Temps:          1       0       0       0
      Totals:         7       0       0       0
Total ram usage:        7 bytes
 Hardware stack levels used:    1
 This function calls:
		Nothing
 This function is called by:
		_get_temp_Async
 This function uses a non-reentrant model


 *************** function i1_RX *****************
 Defined at:
		line 260 in file "prog.c"
 Parameters:    Size  Location     Type
  line            1    wreg     unsigned char 
 Auto vars:     Size  Location     Type
  line            1    1[COMMON] unsigned char 
  RX              1    5[COMMON] unsigned char 
  RX              1    4[COMMON] unsigned char 
  RX              1    3[COMMON] unsigned char 
  RX              1    2[COMMON] unsigned char 
 Return value:  Size  Location     Type
                  1    wreg      unsigned char 
 Registers used:
		wreg, status,2, status,0
 Tracked objects:
		On entry : 
		On exit  : 
		Unchanged: 
 Data sizes:     COMMON   BANK0   BANK1   BANK2
      Params:         0       0       0       0
      Locals:         5       0       0       0
      Temps:          1       0       0       0
      Totals:         6       0       0       0
Total ram usage:        6 bytes
 Hardware stack levels used:    1
 This function calls:
		Nothing
 This function is called by:
		_get_temp_Async
 This function uses a non-reentrant model


 *************** function i1_INIT *****************
 Defined at:
		line 219 in file "prog.c"
 Parameters:    Size  Location     Type
  line            1    wreg     unsigned char 
 Auto vars:     Size  Location     Type
  line            1    1[COMMON] unsigned char 
  INIT            1    4[COMMON] unsigned char 
  INIT            1    3[COMMON] unsigned char 
  INIT            1    2[COMMON] unsigned char 
 Return value:  Size  Location     Type
                  1    wreg      unsigned char 
 Registers used:
		wreg, status,2, status,0
 Tracked objects:
		On entry : 
		On exit  : 
		Unchanged: 
 Data sizes:     COMMON   BANK0   BANK1   BANK2
      Params:         0       0       0       0
      Locals:         4       0       0       0
      Temps:          1       0       0       0
      Totals:         5       0       0       0
Total ram usage:        5 bytes
 Hardware stack levels used:    1
 This function calls:
		Nothing
 This function is called by:
		_get_temp_Async
 This function uses a non-reentrant model


 *************** function ___wmul *****************
 Defined at:
		line 15 in file "C:\Program Files (x86)\Microchip\xc8\v1.38\sources\common\Umul16.c"
 Parameters:    Size  Location     Type
  multiplier      2    0[COMMON] unsigned int 
  multiplicand    2    2[COMMON] unsigned int 
 Auto vars:     Size  Location     Type
  product         2    4[COMMON] unsigned int 
 Return value:  Size  Location     Type
                  2    0[COMMON] unsigned int 
 Registers used:
		wreg, status,2, status,0
 Tracked objects:
		On entry : 
		On exit  : 
		Unchanged: 
 Data sizes:     COMMON   BANK0   BANK1   BANK2
      Params:         4       0       0       0
      Locals:         2       0       0       0
      Temps:          0       0       0       0
      Totals:         6       0       0       0
Total ram usage:        6 bytes
 Hardware stack levels used:    1
 This function calls:
		Nothing
 This function is called by:
		_get_temp_Async
 This function uses a non-reentrant model


 *************** function _convDig *****************
 Defined at:
		line 132 in file "prog.c"
 Parameters:    Size  Location     Type
  dig             1    wreg     unsigned char 
 Auto vars:     Size  Location     Type
  dig             1    0[COMMON] unsigned char 
 Return value:  Size  Location     Type
                  1    wreg      unsigned char 
 Registers used:
		wreg, fsr0l, fsr0h, status,2, status,0
 Tracked objects:
		On entry : 
		On exit  : 
		Unchanged: 
 Data sizes:     COMMON   BANK0   BANK1   BANK2
      Params:         0       0       0       0
      Locals:         1       0       0       0
      Temps:          0       0       0       0
      Totals:         1       0       0       0
Total ram usage:        1 bytes
 Hardware stack levels used:    1
 This function calls:
		Nothing
 This function is called by:
		_F
 This function uses a non-reentrant model



MODULE INFORMATION

Module		Function		Class		Link	Load	Size
C:\Program Files (x86)\Microchip\xc8\v1.38\sources\common\awmod.c
		___awmod       		CODE           	04D4	0000	62

C:\Program Files (x86)\Microchip\xc8\v1.38\sources\common\awmod.c estimated size: 62

C:\Program Files (x86)\Microchip\xc8\v1.38\sources\common\Umul16.c
		___wmul        		CODE           	072A	0000	26

C:\Program Files (x86)\Microchip\xc8\v1.38\sources\common\Umul16.c estimated size: 26

C:\Program Files (x86)\Microchip\xc8\v1.38\sources\common\awdiv.c
		___awdiv       		CODE           	044A	0000	70

C:\Program Files (x86)\Microchip\xc8\v1.38\sources\common\awdiv.c estimated size: 70

C:\Program Files (x86)\Microchip\xc8\v1.38\sources\common\lbmod.c
		___lbmod       		CODE           	06BB	0000	29

C:\Program Files (x86)\Microchip\xc8\v1.38\sources\common\lbmod.c estimated size: 29

shared
		PL8            		CODE           	05D4	0000	6
		__stringtab    		STRING         	07D1	0000	7
		i1_calc_crc    		CODE           	0657	0000	35
		i1___awdiv     		CODE           	048F	0000	70
		__initialization		CODE           	0011	0000	27
		_PortAData     		STRING         	07D7	0000	4
		i1_RX          		CODE           	0630	0000	40
		i1_TX          		CODE           	05AE	0000	39
		PL2            		CODE           	011D	0000	9
		PL10           		CODE           	05D9	0000	6
		PL4            		CODE           	0125	0000	9
		PL6            		CODE           	0577	0000	7
		i1_INIT        		CODE           	057D	0000	50

shared estimated size: 309

prog.c
		_indData       		CODE           	0391	0000	117
		_setDigit      		CODE           	0782	0000	19
		_convDig       		CODE           	06F3	0000	29
		_EEWR          		CODE           	0743	0000	25
		_Reset_powerOnInterval		CODE           	07EA	0000	7
		_refreshInd    		CODE           	07E2	0000	9
		_calc_crc      		CODE           	0679	0000	34
		_setPoint      		CODE           	07A5	0000	16
		_waitInterrupt 		CODE           	07F6	0000	6
		_main          		CODE           	012D	0000	252
		_EditAddressMemory		CODE           	0228	0000	191
		_ReadCell      		CODE           	06D7	0000	29
		_get_temp_Async		CODE           	002D	0000	241
		_WriteArrayToEEPROM		CODE           	076F	0000	20
		_FillArrayFromEEPROM		CODE           	0794	0000	18
		_Run_getTemp   		CODE           	075B	0000	21
		_EERD          		CODE           	07B4	0000	16
		_ShowError     		CODE           	07C3	0000	15
		_CellToInd     		CODE           	0608	0000	41
		_F             		CODE           	02E6	0000	172
		_RX            		CODE           	05DE	0000	43
		_TX            		CODE           	0549	0000	47
		_INIT          		CODE           	0511	0000	57
		_clrInd        		CODE           	07F0	0000	7
		_FindCell      		CODE           	0405	0000	70

prog.c estimated size: 1502

C:\Program Files (x86)\Microchip\xc8\v1.38\sources\common\lbdiv.c
		___lbdiv       		CODE           	070F	0000	28

C:\Program Files (x86)\Microchip\xc8\v1.38\sources\common\lbdiv.c estimated size: 28

