Microchip MPLAB XC8 Compiler V1.37 ()

Linker command line:

-W-3 --edf=/opt/microchip/xc8/v1.37/dat/en_msgs.txt -cs \
  -h+dist/default/production/Termometer.X.production.sym \
  --cmf=dist/default/production/Termometer.X.production.cmf -z -Q16F628A \
  -o/tmp/xcXzQmo0H -Mdist/default/production/Termometer.X.production.map \
  -E1 -ver=XC8 --acfsm=1493 -ASTACK=0A0h-0efh -pstack=STACK \
  -ACODE=00h-07FFh -ASTRCODE=00h-07FFh -ASTRING=00h-0FFhx8 \
  -ACONST=00h-0FFhx8 -AENTRY=00h-0FFhx8 -ACOMMON=070h-07Fh \
  -ABANK0=020h-06Fh -ABANK1=0A0h-0EFh -ABANK2=0120h-014Fh \
  -ARAM=020h-06Fh,0A0h-0EFh,0120h-014Fh \
  -AABS1=020h-07Fh,0A0h-0EFh,0120h-014Fh -ASFR0=00h-01Fh -ASFR1=080h-09Fh \
  -ASFR2=0100h-011Fh -ASFR3=0180h-01EFh \
  -preset_vec=00h,intentry=04h,init,end_init -ppowerup=CODE -pcinit=CODE \
  -pfunctab=CODE -ACONFIG=02007h-02007h -pconfig=CONFIG -DCONFIG=2 \
  -AIDLOC=02000h-02003h -pidloc=IDLOC -DIDLOC=2 -AEEDATA=00h-07Fh/02100h \
  -peeprom_data=EEDATA -DEEDATA=2 -DCODE=2 -DSTRCODE=2 -DSTRING=2 -DCONST=2 \
  -DENTRY=2 -k /tmp/xcX3KLC6a.obj \
  dist/default/production/Termometer.X.production.obj 

Object code version is 3.11

Machine type is 16F628A



                Name                               Link     Load   Length Selector   Space Scale
/tmp/xcX3KLC6a.obj
                end_init                             10       10        1        8       0
                reset_vec                             0        0        1        0       0
                config                             2007     2007        1     400E       0
dist/default/production/Termometer.X.production.obj
                cinit                                11       11       1C        8       0
                intentry                              4        4        C        8       0
                swtext1                             300      300       23      600       0
                text15                              1F5      1F5       56        8       0
                text14                               2D       2D       E1        8       0
                text13                              3A8      3A8       17      646       0
                text12                              35F      35F       1B      646       0
                text11                              10E      10E       77        8       0
                text10                              283      283       31        8       0
                text9                               2B4      2B4       2A        8       0
                text8                               3F9      3F9        7      646       0
                text7                               24B      24B       38        8       0
                text6                               323      323       20      646       0
                text5                               343      343       1C      646       0
                text4                               3D5      3D5       14      646       0
                text3                               391      391       17      646       0
                text2                               3BF      3BF       16      646       0
                text1                               37A      37A       17      646       0
                maintext                            185      185       70        8       0
                cstackBANK0                          20       20       20       20       1
                cstackCOMMON                         70       70        8       70       1
                clrtext                             3F1      3F1        8      646       0
                dataBANK0                            4F       4F        8       20       1
                bssBANK0                             40       40        F       20       1
                bssCOMMON                            79       79        5       70       1
                bitbssCOMMON                        3C0       78        5       70       1     8
                nvBANK0                              57       57        2       20       1
                strings                             2DE      2DE        A      5BC       0
                idataBANK0                          3E9      3E9        8      646       0

TOTAL           Name                               Link     Load   Length     Space
        CLASS   STACK          

        CLASS   CODE           
                end_init                             10       10        1         0
                cinit                                11       11       1C         0
                intentry                              4        4        C         0
                reset_vec                             0        0        1         0
                text15                              1F5      1F5       56         0
                text14                               2D       2D       E1         0
                text13                              3A8      3A8       17         0
                text12                              35F      35F       1B         0
                text11                              10E      10E       77         0
                text10                              283      283       31         0
                text9                               2B4      2B4       2A         0
                text8                               3F9      3F9        7         0
                text7                               24B      24B       38         0
                text6                               323      323       20         0
                text5                               343      343       1C         0
                text4                               3D5      3D5       14         0
                text3                               391      391       17         0
                text2                               3BF      3BF       16         0
                text1                               37A      37A       17         0
                maintext                            185      185       70         0
                clrtext                             3F1      3F1        8         0
                idataBANK0                          3E9      3E9        8         0

        CLASS   STRCODE        

        CLASS   STRING         
                strings                             2DE      2DE        A         0

        CLASS   CONST          
                swtext1                             300      300       23         0

        CLASS   ENTRY          

        CLASS   COMMON         
                cstackCOMMON                         70       70        8         1
                bssCOMMON                            79       79        5         1
                bitbssCOMMON                        3C0       78        5         1

        CLASS   BANK0          
                cstackBANK0                          20       20       20         1
                dataBANK0                            4F       4F        8         1
                bssBANK0                             40       40        F         1
                nvBANK0                              57       57        2         1

        CLASS   BANK1          

        CLASS   BANK2          

        CLASS   RAM            

        CLASS   ABS1           
                abs_s1                               7E       7E        2         1

        CLASS   SFR0           

        CLASS   SFR1           

        CLASS   SFR2           

        CLASS   SFR3           

        CLASS   CONFIG         
                config                             2007     2007        1         0

        CLASS   IDLOC          

        CLASS   EEDATA         

        CLASS   BANK3          



SEGMENTS        Name                           Load    Length   Top    Selector   Space  Class     Delta

                reset_vec                      000000  000001  000001         0       0  CODE        2
                intentry                       000004  0002DA  0002DE         8       0  CODE        2
                cstackBANK0                    000020  000039  000059        20       1  BANK0       1
                cstackCOMMON                   000070  00000E  00007E        70       1  COMMON      1
                strings                        0002DE  00000A  0002E8       5BC       0  STRING      2
                swtext1                        000300  000023  000323       600       0  CONST       2
                text6                          000323  0000DD  000400       646       0  CODE        2
                config                         002007  000001  002008      400E       0  CONFIG      2


UNUSED ADDRESS RANGES

        Name                Unused          Largest block    Delta
        BANK0            0059-006F             17           1
        BANK1            00A0-00EF             50           1
        BANK2            0120-014F             30           1
        CODE             0001-0003              3           2
                         02E8-02FF             18
                         0400-07FF            400
        CONST            0001-0003              3           2
                         02E8-02FF             18
                         0400-07FF            100
        EEDATA           2100-217F             80           2
        ENTRY            0001-0003              3           2
                         02E8-02FF             18
                         0400-07FF            100
        IDLOC            2000-2003              4           2
        RAM              0059-006F             17           1
                         00A0-00EF             50
                         0120-014F             30
        SFR0             0000-001F             20           1
        SFR1             0080-009F             20           1
        SFR2             0100-011F             20           1
        SFR3             0180-01EF             70           1
        STACK            00A0-00EF             50           1
        STRCODE          0001-0003              3           2
                         02E8-02FF             18
                         0400-07FF            400
        STRING           0001-0003              3           2
                         02E8-02FF             18
                         0400-07FF            100

                                  Symbol Table

EERD@EEDATA_BUP                  cstackBANK0  0023
EERD@INTCON_BUP                  cstackBANK0  0022
EERD@adress                      cstackBANK0  0021
EEWR@INTCON_BUP                  cstackBANK0  0023
EEWR@adress                      cstackBANK0  0022
EEWR@data                        cstackBANK0  0020
F@ButtonPressTimeIn1             bssBANK0     0048
F@ButtonPressTimeIn2             bssBANK0     0049
F@ButtonPressTimeOut             bssBANK0     004A
F@CurrentKeysState               cstackCOMMON 0077
F@KeyTimeCounter                 bssBANK0     0046
F@LastKeysState                  bssCOMMON    0079
F@dig                            cstackCOMMON 0076
F@long_press                     bssCOMMON    007A
FillArrayFromEEPROM@adress_start cstackBANK0  0024
FillArrayFromEEPROM@container    cstackBANK0  0028
FillArrayFromEEPROM@i            cstackBANK0  0029
FillArrayFromEEPROM@quantity     cstackBANK0  0025
FindCell@CellIsEmpty             cstackBANK0  0038
FindCell@CellsData               cstackBANK0  002E
FindCell@adress                  cstackBANK0  003B
FindCell@adressNew               cstackBANK0  0036
FindCell@adressStart             cstackBANK0  0039
FindCell@i                       cstackBANK0  003A
FindCell@previous                cstackBANK0  002A
INIT@b                           bitbssCOMMON 03C0
RX@d                             cstackBANK0  0021
RX@i                             cstackBANK0  0022
TX@cmd                           cstackBANK0  0021
TX@i                             cstackBANK0  0023
TX@temp                          cstackBANK0  0022
WriteArrayToEEPROM@adress_start  cstackBANK0  0024
WriteArrayToEEPROM@container     cstackBANK0  0028
WriteArrayToEEPROM@i             cstackBANK0  0029
WriteArrayToEEPROM@quantity      cstackBANK0  0025
_Broadcasting                    bitbssCOMMON 03C1
_CMCON                           (abs)        001F
_DS_Adress                       dataBANK0    004F
_EEADR                           (abs)        009B
_EECON1bits                      (abs)        009C
_EECON2                          (abs)        009D
_EEDATA                          (abs)        009A
_EERD                            text13       03A8
_EEWR                            text6        0323
_F                               text14       002D
_FillArrayFromEEPROM             text12       035F
_FindCell                        text11       010E
_INIT                            text10       0283
_INTCON                          (abs)        000B
_INTCONbits                      (abs)        000B
_KeyCode                         bssBANK0     004B
_OPTION_REG                      (abs)        0081
_PORTA                           (abs)        0005
_PORTB                           (abs)        0006
_PortAData                       strings      02E4
_RA1                             (abs)        0029
_RA2                             (abs)        002A
_RA3                             (abs)        002B
_RX                              text9        02B4
_Reset_powerOnInterval           text8        03F9
_T0IF                            (abs)        005A
_T2CON                           (abs)        0012
_TMR0                            (abs)        0001
_TMR0_VALUE                      strings      02E7
_TRISA                           (abs)        0085
_TRISA3                          (abs)        042B
_TRISA4                          (abs)        042C
_TRISB                           (abs)        0086
_TX                              text7        024B
_WriteArrayToEEPROM              text5        0343
__CFG_BOREN$OFF                  (abs)        0000
__CFG_CP$OFF                     (abs)        0000
__CFG_CPD$OFF                    (abs)        0000
__CFG_FOSC$INTOSCIO              (abs)        0000
__CFG_LVP$OFF                    (abs)        0000
__CFG_MCLRE$ON                   (abs)        0000
__CFG_PWRTE$ON                   (abs)        0000
__CFG_WDTE$OFF                   (abs)        0000
__Habs1                          abs1         0000
__Hbank0                         bank0        0000
__Hbank1                         bank1        0000
__Hbank2                         bank2        0000
__Hbank3                         bank3        0000
__HbitbssCOMMON                  bitbssCOMMON 0000
__HbssBANK0                      bssBANK0     0000
__HbssCOMMON                     bssCOMMON    0000
__Hcinit                         cinit        002D
__Hclrtext                       clrtext      0000
__Hcode                          code         0000
__Hcommon                        common       0000
__Hconfig                        config       2008
__HcstackBANK0                   cstackBANK0  0000
__HcstackCOMMON                  cstackCOMMON 0000
__HdataBANK0                     dataBANK0    0000
__Heeprom_data                   eeprom_data  0000
__Hend_init                      end_init     0011
__Hfunctab                       functab      0000
__HidataBANK0                    idataBANK0   0000
__Hidloc                         idloc        0000
__Hinit                          init         0010
__Hintentry                      intentry     0010
__Hmaintext                      maintext     0000
__HnvBANK0                       nvBANK0      0000
__Hpowerup                       powerup      0000
__Hram                           ram          0000
__Hreset_vec                     reset_vec    0001
__Hsfr0                          sfr0         0000
__Hsfr1                          sfr1         0000
__Hsfr2                          sfr2         0000
__Hsfr3                          sfr3         0000
__Hspace_0                       (abs)        2008
__Hspace_1                       (abs)        03C5
__Hspace_2                       (abs)        0000
__Hspace_3                       (abs)        0000
__Hstack                         stack        0000
__Hstrings                       strings      0000
__Htext                          text         0000
__Labs1                          abs1         0000
__Lbank0                         bank0        0000
__Lbank1                         bank1        0000
__Lbank2                         bank2        0000
__Lbank3                         bank3        0000
__LbitbssCOMMON                  bitbssCOMMON 0000
__LbssBANK0                      bssBANK0     0000
__LbssCOMMON                     bssCOMMON    0000
__Lcinit                         cinit        0011
__Lclrtext                       clrtext      0000
__Lcode                          code         0000
__Lcommon                        common       0000
__Lconfig                        config       2007
__LcstackBANK0                   cstackBANK0  0000
__LcstackCOMMON                  cstackCOMMON 0000
__LdataBANK0                     dataBANK0    0000
__Leeprom_data                   eeprom_data  0000
__Lend_init                      end_init     0010
__Lfunctab                       functab      0000
__LidataBANK0                    idataBANK0   0000
__Lidloc                         idloc        0000
__Linit                          init         0010
__Lintentry                      intentry     0004
__Lmaintext                      maintext     0000
__LnvBANK0                       nvBANK0      0000
__Lpowerup                       powerup      0000
__Lram                           ram          0000
__Lreset_vec                     reset_vec    0000
__Lsfr0                          sfr0         0000
__Lsfr1                          sfr1         0000
__Lsfr2                          sfr2         0000
__Lsfr3                          sfr3         0000
__Lspace_0                       (abs)        0000
__Lspace_1                       (abs)        0000
__Lspace_2                       (abs)        0000
__Lspace_3                       (abs)        0000
__Lstack                         stack        0000
__Lstrings                       strings      0000
__Ltext                          text         0000
__S0                             (abs)        2008
__S1                             (abs)        007E
__S2                             (abs)        0000
__S3                             (abs)        0000
___int_sp                        stack        0000
___latbits                       (abs)        0000
___sp                            stack        0000
__end_of_EERD                    text13       03BF
__end_of_EEWR                    text6        0343
__end_of_F                       text14       010E
__end_of_FillArrayFromEEPROM     text12       037A
__end_of_FindCell                text11       0185
__end_of_INIT                    text10       02B4
__end_of_PortAData               strings      02E7
__end_of_RX                      text9        02DE
__end_of_Reset_powerOnInterval   text8        0400
__end_of_TMR0_VALUE              strings      02E8
__end_of_TX                      text7        0283
__end_of_WriteArrayToEEPROM      text5        035F
__end_of__initialization         cinit        002B
__end_of__stringtab              strings      02E4
__end_of_clrInd                  text4        03E9
__end_of_convDig                 text15       024B
__end_of_main                    maintext     01F5
__end_of_refreshInd              text3        03A8
__end_of_setDigit                text2        03D5
__end_of_setPoint                text1        0391
__initialization                 cinit        0011
__pbitbssCOMMON                  bitbssCOMMON 03C0
__pbssBANK0                      bssBANK0     0040
__pbssCOMMON                     bssCOMMON    0079
__pcstackBANK0                   cstackBANK0  0020
__pcstackCOMMON                  cstackCOMMON 0070
__pdataBANK0                     dataBANK0    004F
__pidataBANK0                    idataBANK0   03E9
__pintentry                      intentry     0004
__pmaintext                      maintext     0185
__pnvBANK0                       nvBANK0      0057
__pstrings                       strings      02DE
__pswtext1                       swtext1      0300
__ptext1                         text1        037A
__ptext10                        text10       0283
__ptext11                        text11       010E
__ptext12                        text12       035F
__ptext13                        text13       03A8
__ptext14                        text14       002D
__ptext15                        text15       01F5
__ptext2                         text2        03BF
__ptext3                         text3        0391
__ptext4                         text4        03D5
__ptext5                         text5        0343
__ptext6                         text6        0323
__ptext7                         text7        024B
__ptext8                         text8        03F9
__ptext9                         text9        02B4
__size_of_EERD                   (abs)        0000
__size_of_EEWR                   (abs)        0000
__size_of_F                      (abs)        0000
__size_of_FillArrayFromEEPROM    (abs)        0000
__size_of_FindCell               (abs)        0000
__size_of_INIT                   (abs)        0000
__size_of_RX                     (abs)        0000
__size_of_Reset_powerOnInterval  (abs)        0000
__size_of_TX                     (abs)        0000
__size_of_WriteArrayToEEPROM     (abs)        0000
__size_of_clrInd                 (abs)        0000
__size_of_convDig                (abs)        0000
__size_of_main                   (abs)        0000
__size_of_refreshInd             (abs)        0000
__size_of_setDigit               (abs)        0000
__size_of_setPoint               (abs)        0000
__stringbase                     strings      02E3
__stringtab                      strings      02DE
_clrInd                          text4        03D5
_convDig                         text15       01F5
_count2                          bssCOMMON    007B
_digitemp                        bssBANK0     004C
_digitnum                        bssBANK0     004D
_digits                          bssBANK0     0040
_digits_0                        bssBANK0     0043
_endInterrupt                    bitbssCOMMON 03C2
_main                            maintext     0185
_powerOff                        bitbssCOMMON 03C3
_powerOnInterval                 nvBANK0      0057
_refreshInd                      text3        0391
_setDigit                        text2        03BF
_setPoint                        text1        037A
_sign                            bssBANK0     004E
_temp_drob                       bssCOMMON    007C
_temperature                     bssCOMMON    007D
btemp                            (abs)        007E
clear_ram0                       clrtext      03F1
clrInd@a                         cstackBANK0  0021
convDig@dig                      cstackCOMMON 0070
end_of_initialization            cinit        002B
get_temp@init                    bitbssCOMMON 03C4
interrupt_function               intentry     0004
intlevel0                        functab      0000
intlevel1                        functab      0000
intlevel2                        functab      0000
intlevel3                        functab      0000
intlevel4                        functab      0000
intlevel5                        functab      0000
ltemp                            (abs)        007E
ltemp0                           (abs)        007E
ltemp1                           (abs)        0082
ltemp2                           (abs)        0086
ltemp3                           (abs)        0080
main@adress                      cstackBANK0  003E
main@i                           cstackBANK0  003F
refreshInd@a                     cstackBANK0  0021
reset_vec                        reset_vec    0000
saved_w                          (abs)        007E
setDigit@a                       cstackBANK0  0023
setDigit@data                    cstackBANK0  0020
setPoint@dignum                  cstackBANK0  0022
setPoint@value                   cstackBANK0  0020
stackhi                          (abs)        0000
stacklo                          (abs)        0000
start                            init         0010
start_initialization             cinit        0011
ttemp                            (abs)        007E
ttemp0                           (abs)        007E
ttemp1                           (abs)        0081
ttemp2                           (abs)        0084
ttemp3                           (abs)        0087
ttemp4                           (abs)        007F
wtemp                            (abs)        007E
wtemp0                           (abs)        007E
wtemp1                           (abs)        0080
wtemp2                           (abs)        0082
wtemp3                           (abs)        0084
wtemp4                           (abs)        0086
wtemp5                           (abs)        0088
wtemp6                           (abs)        007F


FUNCTION INFORMATION:

 *************** function _main *****************
 Defined at:
		line 464 in file "prog.c"
 Parameters:    Size  Location     Type
		None
 Auto vars:     Size  Location     Type
  i               1   31[BANK0 ] unsigned char 
  adress          1   30[BANK0 ] unsigned char 
 Return value:  Size  Location     Type
                  1    wreg      void 
 Registers used:
		wreg, fsr0l, fsr0h, status,2, status,0, pclath, cstack
 Tracked objects:
		On entry : 
		On exit  : 
		Unchanged: 
 Data sizes:     COMMON   BANK0   BANK1   BANK2
      Params:         0       0       0       0
      Locals:         0       2       0       0
      Temps:          0       1       0       0
      Totals:         0       3       0       0
Total ram usage:        3 bytes
 Hardware stack levels required when called:    5
 This function calls:
		_FindCell
		_INIT
		_RX
		_Reset_powerOnInterval
		_TX
		_WriteArrayToEEPROM
		_clrInd
		_refreshInd
		_setDigit
		_setPoint
 This function is called by:
		Startup code after reset
 This function uses a non-reentrant model


 *************** function _setPoint *****************
 Defined at:
		line 70 in file "prog.c"
 Parameters:    Size  Location     Type
  dignum          1    wreg     unsigned char 
  value           1    0[BANK0 ] unsigned char 
 Auto vars:     Size  Location     Type
  dignum          1    2[BANK0 ] unsigned char 
 Return value:  Size  Location     Type
                  1    wreg      void 
 Registers used:
		wreg, fsr0l, fsr0h, status,2, status,0
 Tracked objects:
		On entry : 
		On exit  : 
		Unchanged: 
 Data sizes:     COMMON   BANK0   BANK1   BANK2
      Params:         0       1       0       0
      Locals:         0       1       0       0
      Temps:          0       1       0       0
      Totals:         0       3       0       0
Total ram usage:        3 bytes
 Hardware stack levels used:    1
 Hardware stack levels required when called:    2
 This function calls:
		Nothing
 This function is called by:
		_main
		_indData
 This function uses a non-reentrant model


 *************** function _setDigit *****************
 Defined at:
		line 66 in file "prog.c"
 Parameters:    Size  Location     Type
  a               1    wreg     unsigned char 
  data            1    0[BANK0 ] unsigned char 
 Auto vars:     Size  Location     Type
  a               1    3[BANK0 ] unsigned char 
 Return value:  Size  Location     Type
                  1    wreg      void 
 Registers used:
		wreg, fsr0l, fsr0h, status,2, status,0
 Tracked objects:
		On entry : 
		On exit  : 
		Unchanged: 
 Data sizes:     COMMON   BANK0   BANK1   BANK2
      Params:         0       1       0       0
      Locals:         0       1       0       0
      Temps:          0       2       0       0
      Totals:         0       4       0       0
Total ram usage:        4 bytes
 Hardware stack levels used:    1
 Hardware stack levels required when called:    2
 This function calls:
		Nothing
 This function is called by:
		_main
		_indData
 This function uses a non-reentrant model


 *************** function _refreshInd *****************
 Defined at:
		line 74 in file "prog.c"
 Parameters:    Size  Location     Type
		None
 Auto vars:     Size  Location     Type
  a               1    1[BANK0 ] unsigned char 
 Return value:  Size  Location     Type
                  1    wreg      void 
 Registers used:
		wreg, fsr0l, fsr0h, status,2, status,0
 Tracked objects:
		On entry : 
		On exit  : 
		Unchanged: 
 Data sizes:     COMMON   BANK0   BANK1   BANK2
      Params:         0       0       0       0
      Locals:         0       1       0       0
      Temps:          0       1       0       0
      Totals:         0       2       0       0
Total ram usage:        2 bytes
 Hardware stack levels used:    1
 Hardware stack levels required when called:    2
 This function calls:
		Nothing
 This function is called by:
		_main
 This function uses a non-reentrant model


 *************** function _clrInd *****************
 Defined at:
		line 80 in file "prog.c"
 Parameters:    Size  Location     Type
		None
 Auto vars:     Size  Location     Type
  a               1    1[BANK0 ] unsigned char 
 Return value:  Size  Location     Type
                  1    wreg      void 
 Registers used:
		wreg, fsr0l, fsr0h, status,2, status,0
 Tracked objects:
		On entry : 
		On exit  : 
		Unchanged: 
 Data sizes:     COMMON   BANK0   BANK1   BANK2
      Params:         0       0       0       0
      Locals:         0       1       0       0
      Temps:          0       1       0       0
      Totals:         0       2       0       0
Total ram usage:        2 bytes
 Hardware stack levels used:    1
 Hardware stack levels required when called:    2
 This function calls:
		Nothing
 This function is called by:
		_main
 This function uses a non-reentrant model


 *************** function _WriteArrayToEEPROM *****************
 Defined at:
		line 160 in file "prog.c"
 Parameters:    Size  Location     Type
  container       1    wreg     PTR unsigned char 
		 -> DS_Adress(8), 
  adress_start    1    4[BANK0 ] unsigned char 
  quantity        1    5[BANK0 ] unsigned char 
 Auto vars:     Size  Location     Type
  container       1    8[BANK0 ] PTR unsigned char 
		 -> DS_Adress(8), 
  i               1    9[BANK0 ] unsigned char 
 Return value:  Size  Location     Type
                  1    wreg      void 
 Registers used:
		wreg, fsr0l, fsr0h, status,2, status,0, pclath, cstack
 Tracked objects:
		On entry : 
		On exit  : 
		Unchanged: 
 Data sizes:     COMMON   BANK0   BANK1   BANK2
      Params:         0       2       0       0
      Locals:         0       2       0       0
      Temps:          0       2       0       0
      Totals:         0       6       0       0
Total ram usage:        6 bytes
 Hardware stack levels used:    1
 Hardware stack levels required when called:    3
 This function calls:
		_EEWR
 This function is called by:
		_main
 This function uses a non-reentrant model


 *************** function _EEWR *****************
 Defined at:
		line 128 in file "prog.c"
 Parameters:    Size  Location     Type
  adress          1    wreg     unsigned char 
  data            1    0[BANK0 ] unsigned char 
 Auto vars:     Size  Location     Type
  adress          1    2[BANK0 ] unsigned char 
  INTCON_BUP      1    3[BANK0 ] volatile unsigned char 
 Return value:  Size  Location     Type
                  1    wreg      void 
 Registers used:
		wreg
 Tracked objects:
		On entry : 
		On exit  : 
		Unchanged: 
 Data sizes:     COMMON   BANK0   BANK1   BANK2
      Params:         0       1       0       0
      Locals:         0       2       0       0
      Temps:          0       1       0       0
      Totals:         0       4       0       0
Total ram usage:        4 bytes
 Hardware stack levels used:    1
 Hardware stack levels required when called:    2
 This function calls:
		Nothing
 This function is called by:
		_WriteArrayToEEPROM
 This function uses a non-reentrant model


 *************** function _TX *****************
 Defined at:
		line 186 in file "prog.c"
 Parameters:    Size  Location     Type
  cmd             1    wreg     unsigned char 
 Auto vars:     Size  Location     Type
  cmd             1    1[BANK0 ] unsigned char 
  i               1    3[BANK0 ] unsigned char 
  temp            1    2[BANK0 ] unsigned char 
 Return value:  Size  Location     Type
                  1    wreg      void 
 Registers used:
		wreg, status,2, status,0
 Tracked objects:
		On entry : 
		On exit  : 
		Unchanged: 
 Data sizes:     COMMON   BANK0   BANK1   BANK2
      Params:         0       0       0       0
      Locals:         0       3       0       0
      Temps:          0       1       0       0
      Totals:         0       4       0       0
Total ram usage:        4 bytes
 Hardware stack levels used:    1
 Hardware stack levels required when called:    2
 This function calls:
		Nothing
 This function is called by:
		_main
		_Send_DS_Adress
		_get_temp
 This function uses a non-reentrant model


 *************** function _Reset_powerOnInterval *****************
 Defined at:
		line 59 in file "prog.c"
 Parameters:    Size  Location     Type
		None
 Auto vars:     Size  Location     Type
		None
 Return value:  Size  Location     Type
                  1    wreg      void 
 Registers used:
		wreg
 Tracked objects:
		On entry : 
		On exit  : 
		Unchanged: 
 Data sizes:     COMMON   BANK0   BANK1   BANK2
      Params:         0       0       0       0
      Locals:         0       0       0       0
      Temps:          0       0       0       0
      Totals:         0       0       0       0
Total ram usage:        0 bytes
 Hardware stack levels used:    1
 Hardware stack levels required when called:    2
 This function calls:
		Nothing
 This function is called by:
		_main
 This function uses a non-reentrant model


 *************** function _RX *****************
 Defined at:
		line 206 in file "prog.c"
 Parameters:    Size  Location     Type
		None
 Auto vars:     Size  Location     Type
  i               1    2[BANK0 ] unsigned char 
  d               1    1[BANK0 ] unsigned char 
 Return value:  Size  Location     Type
                  1    wreg      unsigned char 
 Registers used:
		wreg, status,2, status,0
 Tracked objects:
		On entry : 
		On exit  : 
		Unchanged: 
 Data sizes:     COMMON   BANK0   BANK1   BANK2
      Params:         0       0       0       0
      Locals:         0       2       0       0
      Temps:          0       1       0       0
      Totals:         0       3       0       0
Total ram usage:        3 bytes
 Hardware stack levels used:    1
 Hardware stack levels required when called:    2
 This function calls:
		Nothing
 This function is called by:
		_main
		_get_temp
 This function uses a non-reentrant model


 *************** function _INIT *****************
 Defined at:
		line 171 in file "prog.c"
 Parameters:    Size  Location     Type
		None
 Auto vars:     Size  Location     Type
		None
 Return value:  Size  Location     Type
		None               void
 Registers used:
		wreg, status,2, status,0
 Tracked objects:
		On entry : 
		On exit  : 
		Unchanged: 
 Data sizes:     COMMON   BANK0   BANK1   BANK2
      Params:         0       0       0       0
      Locals:         0       0       0       0
      Temps:          0       1       0       0
      Totals:         0       1       0       0
Total ram usage:        1 bytes
 Hardware stack levels used:    1
 Hardware stack levels required when called:    2
 This function calls:
		Nothing
 This function is called by:
		_main
		_get_temp
		_indData
 This function uses a non-reentrant model


 *************** function _FindCell *****************
 Defined at:
		line 287 in file "prog.c"
 Parameters:    Size  Location     Type
  adressStart     1    wreg     unsigned char 
  previous        1   10[BANK0 ] unsigned char 
 Auto vars:     Size  Location     Type
  adressStart     1   25[BANK0 ] unsigned char 
  i               1   26[BANK0 ] unsigned char 
  CellsData       8   14[BANK0 ] unsigned char [8]
  CellIsEmpty     1   24[BANK0 ] unsigned char 
  adress          2   27[BANK0 ] unsigned int 
  adressNew       2   22[BANK0 ] unsigned int 
 Return value:  Size  Location     Type
                  1    wreg      unsigned char 
 Registers used:
		wreg, fsr0l, fsr0h, status,2, status,0, pclath, cstack
 Tracked objects:
		On entry : 
		On exit  : 
		Unchanged: 
 Data sizes:     COMMON   BANK0   BANK1   BANK2
      Params:         0       1       0       0
      Locals:         0      15       0       0
      Temps:          0       3       0       0
      Totals:         0      19       0       0
Total ram usage:       19 bytes
 Hardware stack levels used:    1
 Hardware stack levels required when called:    4
 This function calls:
		_FillArrayFromEEPROM
 This function is called by:
		_main
 This function uses a non-reentrant model


 *************** function _FillArrayFromEEPROM *****************
 Defined at:
		line 154 in file "prog.c"
 Parameters:    Size  Location     Type
  container       1    wreg     PTR unsigned char 
		 -> FindCell@CellsData(8), DS_Adress(8), 
  adress_start    1    4[BANK0 ] unsigned char 
  quantity        1    5[BANK0 ] unsigned char 
 Auto vars:     Size  Location     Type
  container       1    8[BANK0 ] PTR unsigned char 
		 -> FindCell@CellsData(8), DS_Adress(8), 
  i               1    9[BANK0 ] unsigned char 
 Return value:  Size  Location     Type
                  1    wreg      void 
 Registers used:
		wreg, fsr0l, fsr0h, status,2, status,0, pclath, cstack
 Tracked objects:
		On entry : 
		On exit  : 
		Unchanged: 
 Data sizes:     COMMON   BANK0   BANK1   BANK2
      Params:         0       2       0       0
      Locals:         0       2       0       0
      Temps:          0       2       0       0
      Totals:         0       6       0       0
Total ram usage:        6 bytes
 Hardware stack levels used:    1
 Hardware stack levels required when called:    3
 This function calls:
		_EERD
 This function is called by:
		_FindCell
		_LoadAdress
 This function uses a non-reentrant model


 *************** function _EERD *****************
 Defined at:
		line 143 in file "prog.c"
 Parameters:    Size  Location     Type
  adress          1    wreg     unsigned char 
 Auto vars:     Size  Location     Type
  adress          1    1[BANK0 ] unsigned char 
  EEDATA_BUP      1    3[BANK0 ] volatile unsigned char 
  INTCON_BUP      1    2[BANK0 ] volatile unsigned char 
 Return value:  Size  Location     Type
                  1    wreg      unsigned char 
 Registers used:
		wreg
 Tracked objects:
		On entry : 
		On exit  : 
		Unchanged: 
 Data sizes:     COMMON   BANK0   BANK1   BANK2
      Params:         0       0       0       0
      Locals:         0       3       0       0
      Temps:          0       1       0       0
      Totals:         0       4       0       0
Total ram usage:        4 bytes
 Hardware stack levels used:    1
 Hardware stack levels required when called:    2
 This function calls:
		Nothing
 This function is called by:
		_FillArrayFromEEPROM
 This function uses a non-reentrant model


 *************** function _F *****************
 Defined at:
		line 321 in file "prog.c"
 Parameters:    Size  Location     Type
		None
 Auto vars:     Size  Location     Type
  CurrentKeysS    1    7[COMMON] unsigned char 
  dig             1    6[COMMON] unsigned char 
 Return value:  Size  Location     Type
                  1    wreg      void 
 Registers used:
		wreg, fsr0l, fsr0h, status,2, status,0, pclath, cstack
 Tracked objects:
		On entry : 
		On exit  : 
		Unchanged: 
 Data sizes:     COMMON   BANK0   BANK1   BANK2
      Params:         0       0       0       0
      Locals:         2       0       0       0
      Temps:          5       0       0       0
      Totals:         7       0       0       0
Total ram usage:        7 bytes
 Hardware stack levels used:    1
 Hardware stack levels required when called:    1
 This function calls:
		_convDig
 This function is called by:
		Interrupt level 1
 This function uses a non-reentrant model


 *************** function _convDig *****************
 Defined at:
		line 86 in file "prog.c"
 Parameters:    Size  Location     Type
  dig             1    wreg     unsigned char 
 Auto vars:     Size  Location     Type
  dig             1    0[COMMON] unsigned char 
 Return value:  Size  Location     Type
                  1    wreg      unsigned char 
 Registers used:
		wreg, fsr0l, fsr0h, status,2, status,0
 Tracked objects:
		On entry : 
		On exit  : 
		Unchanged: 
 Data sizes:     COMMON   BANK0   BANK1   BANK2
      Params:         0       0       0       0
      Locals:         1       0       0       0
      Temps:          0       0       0       0
      Totals:         1       0       0       0
Total ram usage:        1 bytes
 Hardware stack levels used:    1
 This function calls:
		Nothing
 This function is called by:
		_F
 This function uses a non-reentrant model



MODULE INFORMATION

Module		Function		Class		Link	Load	Size
shared
		__stringtab    		STRING         	02DE	0000	7
		__initialization		CODE           	0011	0000	27
		_PortAData     		STRING         	02E4	0000	4
		_TMR0_VALUE    		STRING         	02E7	0000	2

shared estimated size: 40

prog.c
		_setDigit      		CODE           	03BF	0000	23
		_convDig       		CODE           	01F5	0000	87
		_EEWR          		CODE           	0323	0000	33
		_Reset_powerOnInterval		CODE           	03F9	0000	8
		_refreshInd    		CODE           	0391	0000	24
		_setPoint      		CODE           	037A	0000	24
		_main          		CODE           	0185	0000	113
		_WriteArrayToEEPROM		CODE           	0343	0000	29
		_FillArrayFromEEPROM		CODE           	035F	0000	28
		_EERD          		CODE           	03A8	0000	24
		_F             		CODE           	002D	0000	226
		_RX            		CODE           	02B4	0000	43
		_TX            		CODE           	024B	0000	57
		_INIT          		CODE           	0283	0000	50
		_clrInd        		CODE           	03D5	0000	21
		_FindCell      		CODE           	010E	0000	120

prog.c estimated size: 910

