Microchip MPLAB XC8 Compiler V1.38 ()

Linker command line:

-W-3 --edf=C:\Program Files (x86)\Microchip\xc8\v1.38\dat\en_msgs.txt -cs \
  -h+dist/default/production\Termo-DS18B20.production.sym \
  --cmf=dist/default/production\Termo-DS18B20.production.cmf -z -Q16F628A \
  -oC:\Users\Vadim\AppData\Local\Temp\s2i0.2 \
  -Mdist/default/production/Termo-DS18B20.production.map -E1 -ver=XC8 \
  -ASTACK=0120h-014fh -pstack=STACK -ACODE=00h-07FFh -ASTRCODE=00h-07FFh \
  -ASTRING=00h-0FFhx8 -ACONST=00h-0FFhx8 -AENTRY=00h-0FFhx8 \
  -ACOMMON=070h-07Fh -ABANK0=020h-06Fh -ABANK1=0A0h-0EFh \
  -ABANK2=0120h-014Fh -ARAM=020h-06Fh,0A0h-0EFh,0120h-014Fh \
  -AABS1=020h-07Fh,0A0h-0EFh,0120h-014Fh -ASFR0=00h-01Fh -ASFR1=080h-09Fh \
  -ASFR2=0100h-011Fh -ASFR3=0180h-01EFh \
  -preset_vec=00h,intentry=04h,init,end_init -ppowerup=CODE -pcinit=CODE \
  -pfunctab=CODE -ACONFIG=02007h-02007h -pconfig=CONFIG -DCONFIG=2 \
  -AIDLOC=02000h-02003h -pidloc=IDLOC -DIDLOC=2 -AEEDATA=00h-07Fh/02100h \
  -peeprom_data=EEDATA -DEEDATA=2 -DCODE=2 -DSTRCODE=2 -DSTRING=2 -DCONST=2 \
  -DENTRY=2 -k C:\Users\Vadim\AppData\Local\Temp\s2i0.obj \
  dist/default/production\Termo-DS18B20.production.obj 

Object code version is 3.11

Machine type is 16F628A



                Name                               Link     Load   Length Selector   Space Scale
C:\Users\Vadim\AppData\Local\Temp\s2i0.obj
                end_init                             10       10        1        8       0
                reset_vec                             0        0        1        0       0
                config                             2007     2007        1     400E       0
dist/default/production\Termo-DS18B20.production.obj
                cinit                                11       11       1C        8       0
                intentry                              4        4        C        8       0
                swtext1                             61E      61E       21      C3C       0
                text33                              677      677       1C      C7E       0
                text32                              478      478       45        8       0
                text31                              6C9      6C9       19      C7E       0
                text30                              529      529       31        8       0
                text29                              5B4      5B4       27        8       0
                text28                              55A      55A       30        8       0
                text27                              5DB      5DB       22        8       0
                text26                              15D      15D      102        8       0
                text25                              31D      31D       AB        8       0
                text24                              6AE      6AE       1B      C7E       0
                text23                              65B      65B       1C      C7E       0
                text22                              7A1      7A1        6      F16       0
                text21                              793      793        8      F16       0
                text20                              733      733       12      C7E       0
                text19                              693      693       1B      C7E       0
                text18                              4BD      4BD       38        8       0
                text17                              58A      58A       2A        8       0
                text16                              765      765        F      C7E       0
                text15                              745      745       11      C7E       0
                text14                              63F      63F       1C      C7E       0
                text13                              774      774        E      C7E       0
                text12                              4F5      4F5       34        8       0
                text11                              6E2      6E2       18      C7E       0
                text10                              7A7      7A7        5      F16       0
                text9                               70E      70E       13      C7E       0
                text8                               5FD      5FD       21        8       0
                text7                               756      756        F      C7E       0
                text6                               25F      25F       BE        8       0
                text5                               433      433       45        8       0
                text4                               79B      79B        6      F16       0
                text3                               721      721       12      C7E       0
                text2                               6FA      6FA       14      C7E       0
                text1                               3C8      3C8       6B        8       0
                maintext                             2D       2D      130        8       0
                cstackBANK0                          20       20       24       20       1
                cstackCOMMON                         70       70        E       70       1
                cstackBANK1                          A0       A0       16       A0       1
                clrtext                             78B      78B        8      F16       0
                dataBANK1                            B6       B6       11       A0       1
                bitbssBANK0                         300       60        2       20       1     8
                bssBANK0                             44       44       19       20       1
                nvBANK0                              5D       5D        3       20       1
                strings                             782      782        9      F04       0

TOTAL           Name                               Link     Load   Length     Space
        CLASS   STACK          

        CLASS   CODE           
                end_init                             10       10        1         0
                cinit                                11       11       1C         0
                intentry                              4        4        C         0
                reset_vec                             0        0        1         0
                text33                              677      677       1C         0
                text32                              478      478       45         0
                text31                              6C9      6C9       19         0
                text30                              529      529       31         0
                text29                              5B4      5B4       27         0
                text28                              55A      55A       30         0
                text27                              5DB      5DB       22         0
                text26                              15D      15D      102         0
                text25                              31D      31D       AB         0
                text24                              6AE      6AE       1B         0
                text23                              65B      65B       1C         0
                text22                              7A1      7A1        6         0
                text21                              793      793        8         0
                text20                              733      733       12         0
                text19                              693      693       1B         0
                text18                              4BD      4BD       38         0
                text17                              58A      58A       2A         0
                text16                              765      765        F         0
                text15                              745      745       11         0
                text14                              63F      63F       1C         0
                text13                              774      774        E         0
                text12                              4F5      4F5       34         0
                text11                              6E2      6E2       18         0
                text10                              7A7      7A7        5         0
                text9                               70E      70E       13         0
                text8                               5FD      5FD       21         0
                text7                               756      756        F         0
                text6                               25F      25F       BE         0
                text5                               433      433       45         0
                text4                               79B      79B        6         0
                text3                               721      721       12         0
                text2                               6FA      6FA       14         0
                text1                               3C8      3C8       6B         0
                maintext                             2D       2D      130         0
                clrtext                             78B      78B        8         0

        CLASS   STRCODE        

        CLASS   STRING         
                strings                             782      782        9         0

        CLASS   CONST          
                swtext1                             61E      61E       21         0

        CLASS   ENTRY          

        CLASS   COMMON         
                cstackCOMMON                         70       70        E         1

        CLASS   BANK0          
                cstackBANK0                          20       20       24         1
                bitbssBANK0                         300       60        2         1
                bssBANK0                             44       44       19         1
                nvBANK0                              5D       5D        3         1

        CLASS   BANK1          
                cstackBANK1                          A0       A0       16         1
                dataBANK1                            B6       B6       11         1

        CLASS   BANK2          

        CLASS   RAM            

        CLASS   ABS1           
                abs_s1                               7E       7E        2         1

        CLASS   SFR0           

        CLASS   SFR1           

        CLASS   SFR2           

        CLASS   SFR3           

        CLASS   CONFIG         
                config                             2007     2007        1         0

        CLASS   IDLOC          

        CLASS   EEDATA         

        CLASS   BANK3          



SEGMENTS        Name                           Load    Length   Top    Selector   Space  Class     Delta

                reset_vec                      000000  000001  000001         0       0  CODE        2
                intentry                       000004  00061A  00061E         8       0  CODE        2
                cstackBANK0                    000020  000041  000061        20       1  BANK0       1
                cstackCOMMON                   000070  00000E  00007E        70       1  COMMON      1
                cstackBANK1                    0000A0  000027  0000C7        A0       1  BANK1       1
                swtext1                        00061E  000021  00063F       C3C       0  CONST       2
                text14                         00063F  000143  000782       C7E       0  CODE        2
                strings                        000782  000009  00078B       F04       0  STRING      2
                clrtext                        00078B  000021  0007AC       F16       0  CODE        2
                config                         002007  000001  002008      400E       0  CONFIG      2


UNUSED ADDRESS RANGES

        Name                Unused          Largest block    Delta
        BANK0            0061-006F              F           1
        BANK1            00C7-00EF             29           1
        BANK2            0120-014F             30           1
        CODE             0001-0003              3           2
                         07AC-07FF             54
        CONST            0001-0003              3           2
                         07AC-07FF             54
        EEDATA           2100-217F             80           2
        ENTRY            0001-0003              3           2
                         07AC-07FF             54
        IDLOC            2000-2003              4           2
        RAM              0061-006F              F           1
                         00C7-00EF             29
                         0120-014F             30
        SFR0             0000-001F             20           1
        SFR1             0080-009F             20           1
        SFR2             0100-011F             20           1
        SFR3             0180-01EF             70           1
        STACK            0120-014F             30           1
        STRCODE          0001-0003              3           2
                         07AC-07FF             54
        STRING           0001-0003              3           2
                         07AC-07FF             54

                                  Symbol Table

?___awdiv                         cstackCOMMON 0076
?___wmul                          cstackCOMMON 0070
CellToInd@cell                    cstackBANK0  0036
EERD@EEDATA_BUP                   cstackBANK0  002F
EERD@INTCON_BUP                   cstackBANK0  002E
EERD@address                      cstackBANK0  002D
EEWR@INTCON_BUP                   cstackBANK0  002F
EEWR@address                      cstackBANK0  002E
EEWR@data                         cstackBANK0  002D
EditAddressMemory@CellIsEmpty     cstackBANK1  00AA
EditAddressMemory@CellsData       cstackBANK1  00A0
EditAddressMemory@ErrorShowed     cstackBANK1  00A8
EditAddressMemory@RereadCell      cstackBANK1  00A9
EditAddressMemory@cell            cstackBANK1  00AD
EditAddressMemory@i               cstackBANK1  00AB
EditAddressMemory@i_256           cstackBANK1  00AC
F@ButtonPressTimeIn1              bssBANK0     0052
F@ButtonPressTimeIn2              bssBANK0     0053
F@ButtonPressTimeOut              bssBANK0     0054
F@CurrentKeysState                cstackBANK0  002C
F@DigitNumber                     bssBANK0     0055
F@KeyTimeCounter                  bssBANK0     0050
F@LastKeysState                   bssBANK0     0056
F@dig                             cstackBANK0  002B
F@long_press                      bssBANK0     0057
FillArrayFromEEPROM@address_start cstackBANK0  0030
FillArrayFromEEPROM@container     cstackBANK0  0033
FillArrayFromEEPROM@i             cstackBANK0  0034
FillArrayFromEEPROM@quantity      cstackBANK0  0031
FindCell@CellIsEmpty              cstackBANK0  003F
FindCell@CellsData                cstackBANK0  0036
FindCell@address                  cstackBANK0  0042
FindCell@addressNew               cstackBANK0  003E
FindCell@addressStart             cstackBANK0  0040
FindCell@i                        cstackBANK0  0041
FindCell@previous                 cstackBANK0  0035
INIT@One                          cstackBANK0  0031
INIT@Zero                         cstackBANK0  002F
INIT@b                            cstackBANK0  0030
INIT@line                         cstackBANK0  002E
PL10                              text26       0257
PL12                              text12       0523
PL14                              text28       0580
PL16                              text28       0585
PL2                               maintext     013C
PL4                               maintext     014B
PL6                               maintext     0156
PL8                               text26       024F
RX@One                            cstackBANK0  0032
RX@Zero                           cstackBANK0  002F
RX@d                              cstackBANK0  0030
RX@i                              cstackBANK0  0031
RX@line                           cstackBANK0  002E
ReadCell@CellsData                cstackBANK0  0035
ReadCell@cell                     cstackBANK0  0037
ReadCell@i                        cstackBANK0  0038
Run_getInit@line                  cstackBANK0  002D
Run_getTemp@line                  cstackBANK0  002D
TX@One                            cstackBANK0  0033
TX@Zero                           cstackBANK0  0031
TX@cmd                            cstackBANK0  002F
TX@i                              cstackBANK0  0032
TX@line                           cstackBANK0  002D
TX@temp                           cstackBANK0  0030
WriteArrayToEEPROM@address_start  cstackBANK0  0030
WriteArrayToEEPROM@container      cstackBANK0  0033
WriteArrayToEEPROM@i              cstackBANK0  0034
WriteArrayToEEPROM@quantity       cstackBANK0  0031
_Broadcasting                     bitbssBANK0  0300
_CMCON                            (abs)        001F
_CellToInd                        text19       0693
_DS_Address                       dataBANK1    00BF
_DS_ReadData                      dataBANK1    00B6
_EEADR                            (abs)        009B
_EECON1bits                       (abs)        009C
_EECON2                           (abs)        009D
_EEDATA                           (abs)        009A
_EERD                             text16       0765
_EEWR                             text11       06E2
_EditAddressMemory                text6        025F
_F                                text25       031D
_FillArrayFromEEPROM              text15       0745
_FindCell                         text5        0433
_INIT                             text18       04BD
_INTCON                           (abs)        000B
_INTCONbits                       (abs)        000B
_KeyCode                          nvBANK0      005F
_OPTION_REG                       (abs)        0081
_PORTA                            (abs)        0005
_PORTB                            (abs)        0006
_PortAData                        strings      0788
_PowerBlocked                     bssBANK0     0058
_RA2                              (abs)        002A
_RA5                              (abs)        002D
_RX                               text17       058A
_ReadCell                         text14       063F
_Reset_powerOnInterval            text4        079B
_Run_getInit                      text3        0721
_Run_getTemp                      text2        06FA
_ShowError                        text13       0774
_T0IF                             (abs)        005A
_T2CON                            (abs)        0012
_TMR0                             (abs)        0001
_TRISA                            (abs)        0085
_TRISA4                           (abs)        042C
_TRISB                            (abs)        0086
_TX                               text12       04F5
_WriteArrayToEEPROM               text9        070E
__CFG_BOREN$OFF                   (abs)        0000
__CFG_CP$ON                       (abs)        0000
__CFG_CPD$OFF                     (abs)        0000
__CFG_FOSC$INTOSCIO               (abs)        0000
__CFG_LVP$OFF                     (abs)        0000
__CFG_MCLRE$OFF                   (abs)        0000
__CFG_PWRTE$ON                    (abs)        0000
__CFG_WDTE$OFF                    (abs)        0000
__Habs1                           abs1         0000
__Hbank0                          bank0        0000
__Hbank1                          bank1        0000
__Hbank2                          bank2        0000
__Hbank3                          bank3        0000
__HbitbssBANK0                    bitbssBANK0  0000
__HbssBANK0                       bssBANK0     0000
__Hcinit                          cinit        002D
__Hclrtext                        clrtext      0000
__Hcode                           code         0000
__Hcommon                         common       0000
__Hconfig                         config       2008
__HcstackBANK0                    cstackBANK0  0000
__HcstackBANK1                    cstackBANK1  0000
__HcstackCOMMON                   cstackCOMMON 0000
__HdataBANK1                      dataBANK1    0000
__Heeprom_data                    eeprom_data  0000
__Hend_init                       end_init     0011
__Hfunctab                        functab      0000
__HidataBANK1                     idataBANK1   0000
__Hidloc                          idloc        0000
__Hinit                           init         0010
__Hintentry                       intentry     0010
__Hmaintext                       maintext     0000
__HnvBANK0                        nvBANK0      0000
__Hpa_nodes                       pa_nodes     0000
__Hpowerup                        powerup      0000
__Hram                            ram          0000
__Hreset_vec                      reset_vec    0001
__Hsfr0                           sfr0         0000
__Hsfr1                           sfr1         0000
__Hsfr2                           sfr2         0000
__Hsfr3                           sfr3         0000
__Hspace_0                        (abs)        2008
__Hspace_1                        (abs)        0302
__Hspace_2                        (abs)        0000
__Hspace_3                        (abs)        0000
__Hstack                          stack        0000
__Hstrings                        strings      0000
__Htext                           text         0000
__Labs1                           abs1         0000
__Lbank0                          bank0        0000
__Lbank1                          bank1        0000
__Lbank2                          bank2        0000
__Lbank3                          bank3        0000
__LbitbssBANK0                    bitbssBANK0  0000
__LbssBANK0                       bssBANK0     0000
__Lcinit                          cinit        0011
__Lclrtext                        clrtext      0000
__Lcode                           code         0000
__Lcommon                         common       0000
__Lconfig                         config       2007
__LcstackBANK0                    cstackBANK0  0000
__LcstackBANK1                    cstackBANK1  0000
__LcstackCOMMON                   cstackCOMMON 0000
__LdataBANK1                      dataBANK1    0000
__Leeprom_data                    eeprom_data  0000
__Lend_init                       end_init     0010
__Lfunctab                        functab      0000
__LidataBANK1                     idataBANK1   0000
__Lidloc                          idloc        0000
__Linit                           init         0010
__Lintentry                       intentry     0004
__Lmaintext                       maintext     0000
__LnvBANK0                        nvBANK0      0000
__Lpa_nodes                       pa_nodes     0000
__Lpowerup                        powerup      0000
__Lram                            ram          0000
__Lreset_vec                      reset_vec    0000
__Lsfr0                           sfr0         0000
__Lsfr1                           sfr1         0000
__Lsfr2                           sfr2         0000
__Lsfr3                           sfr3         0000
__Lspace_0                        (abs)        0000
__Lspace_1                        (abs)        0000
__Lspace_2                        (abs)        0000
__Lspace_3                        (abs)        0000
__Lstack                          stack        0000
__Lstrings                        strings      0000
__Ltext                           text         0000
__S0                              (abs)        2008
__S1                              (abs)        00C7
__S2                              (abs)        0000
__S3                              (abs)        0000
___awdiv                          text32       0478
___awdiv@counter                  cstackCOMMON 007A
___awdiv@dividend                 cstackCOMMON 0078
___awdiv@divisor                  cstackCOMMON 0076
___awdiv@quotient                 cstackCOMMON 007C
___awdiv@sign                     cstackCOMMON 007B
___int_sp                         stack        0000
___latbits                        (abs)        0000
___lbdiv                          text24       06AE
___lbdiv@counter                  cstackBANK0  002F
___lbdiv@dividend                 cstackBANK0  002E
___lbdiv@divisor                  cstackBANK0  002D
___lbdiv@quotient                 cstackBANK0  0030
___lbmod                          text23       065B
___lbmod@counter                  cstackBANK0  0030
___lbmod@dividend                 cstackBANK0  002F
___lbmod@divisor                  cstackBANK0  002D
___lbmod@rem                      cstackBANK0  0031
___sp                             stack        0000
___wmul                           text31       06C9
___wmul@multiplicand              cstackCOMMON 0072
___wmul@multiplier                cstackCOMMON 0070
___wmul@product                   cstackCOMMON 0074
__end_ofPL10                      text26       025F
__end_ofPL12                      text12       0529
__end_ofPL14                      text28       0585
__end_ofPL16                      text28       058A
__end_ofPL2                       maintext     014B
__end_ofPL4                       maintext     0156
__end_ofPL6                       maintext     015D
__end_ofPL8                       text26       0257
__end_of_CellToInd                text19       06AE
__end_of_EERD                     text16       0774
__end_of_EEWR                     text11       06FA
__end_of_EditAddressMemory        text6        031D
__end_of_F                        text25       03C8
__end_of_FillArrayFromEEPROM      text15       0756
__end_of_FindCell                 text5        0478
__end_of_INIT                     text18       04F5
__end_of_PortAData                strings      078B
__end_of_RX                       text17       05B4
__end_of_ReadCell                 text14       065B
__end_of_Reset_powerOnInterval    text4        07A1
__end_of_Run_getInit              text3        0733
__end_of_Run_getTemp              text2        070E
__end_of_ShowError                text13       0782
__end_of_TX                       text12       0523
__end_of_WriteArrayToEEPROM       text9        0721
__end_of___awdiv                  text32       04BD
__end_of___lbdiv                  text24       06C9
__end_of___lbmod                  text23       0677
__end_of___wmul                   text31       06E2
__end_of__initialization          cinit        002B
__end_of__stringtab               strings      0788
__end_of_calc_crc                 text8        061E
__end_of_clrInd                   text22       07A7
__end_of_convDig                  text33       0693
__end_of_get_temp_Async           text26       024F
__end_of_indData                  text1        0433
__end_of_main                     maintext     013C
__end_of_refreshInd               text21       079B
__end_of_setDigit                 text20       0745
__end_of_setPoint                 text7        0765
__end_of_waitInterrupt            text10       07AC
__end_ofi1_INIT                   text30       055A
__end_ofi1_RX                     text29       05DB
__end_ofi1_TX                     text28       0580
__end_ofi1_calc_crc               text27       05FD
__initialization                  cinit        0011
__pbitbssBANK0                    bitbssBANK0  0300
__pbssBANK0                       bssBANK0     0044
__pcstackBANK0                    cstackBANK0  0020
__pcstackBANK1                    cstackBANK1  00A0
__pcstackCOMMON                   cstackCOMMON 0070
__pdataBANK1                      dataBANK1    00B6
__pidataBANK1                     idataBANK1   0000
__pintentry                       intentry     0004
__pmaintext                       maintext     002D
__pnvBANK0                        nvBANK0      005D
__pstrings                        strings      0782
__pswtext1                        swtext1      061E
__ptext1                          text1        03C8
__ptext10                         text10       07A7
__ptext11                         text11       06E2
__ptext12                         text12       04F5
__ptext13                         text13       0774
__ptext14                         text14       063F
__ptext15                         text15       0745
__ptext16                         text16       0765
__ptext17                         text17       058A
__ptext18                         text18       04BD
__ptext19                         text19       0693
__ptext2                          text2        06FA
__ptext20                         text20       0733
__ptext21                         text21       0793
__ptext22                         text22       07A1
__ptext23                         text23       065B
__ptext24                         text24       06AE
__ptext25                         text25       031D
__ptext26                         text26       015D
__ptext27                         text27       05DB
__ptext28                         text28       055A
__ptext29                         text29       05B4
__ptext3                          text3        0721
__ptext30                         text30       0529
__ptext31                         text31       06C9
__ptext32                         text32       0478
__ptext33                         text33       0677
__ptext4                          text4        079B
__ptext5                          text5        0433
__ptext6                          text6        025F
__ptext7                          text7        0756
__ptext8                          text8        05FD
__ptext9                          text9        070E
__size_of_CellToInd               (abs)        0000
__size_of_EERD                    (abs)        0000
__size_of_EEWR                    (abs)        0000
__size_of_EditAddressMemory       (abs)        0000
__size_of_F                       (abs)        0000
__size_of_FillArrayFromEEPROM     (abs)        0000
__size_of_FindCell                (abs)        0000
__size_of_INIT                    (abs)        0000
__size_of_RX                      (abs)        0000
__size_of_ReadCell                (abs)        0000
__size_of_Reset_powerOnInterval   (abs)        0000
__size_of_Run_getInit             (abs)        0000
__size_of_Run_getTemp             (abs)        0000
__size_of_ShowError               (abs)        0000
__size_of_TX                      (abs)        0000
__size_of_WriteArrayToEEPROM      (abs)        0000
__size_of___awdiv                 (abs)        0000
__size_of___lbdiv                 (abs)        0000
__size_of___lbmod                 (abs)        0000
__size_of___wmul                  (abs)        0000
__size_of_calc_crc                (abs)        0000
__size_of_clrInd                  (abs)        0000
__size_of_convDig                 (abs)        0000
__size_of_get_temp_Async          (abs)        0000
__size_of_indData                 (abs)        0000
__size_of_main                    (abs)        0000
__size_of_refreshInd              (abs)        0000
__size_of_setDigit                (abs)        0000
__size_of_setPoint                (abs)        0000
__size_of_waitInterrupt           (abs)        0000
__size_ofi1_INIT                  (abs)        0000
__size_ofi1_RX                    (abs)        0000
__size_ofi1_TX                    (abs)        0000
__size_ofi1_calc_crc              (abs)        0000
__stringbase                      strings      0787
__stringtab                       strings      0782
_calc_crc                         text8        05FD
_clrInd                           text22       07A1
_convDig                          text33       0677
_digitemp                         bssBANK0     0059
_digits                           bssBANK0     004A
_digits_0                         bssBANK0     004D
_endInterrupt                     bitbssBANK0  0301
_getTemp_flags                    bssBANK0     0044
_get_temp_Async                   text26       015D
_indData                          text1        03C8
_main                             maintext     002D
_main$272                         cstackBANK1  00B0
_powerOnInterval                  nvBANK0      005D
_refreshInd                       text21       0793
_setDigit                         text20       0733
_setPoint                         text7        0756
_sign                             bssBANK0     005A
_temp_drob                        bssBANK0     005B
_temperature                      bssBANK0     005C
_waitInterrupt                    text10       07A7
btemp                             (abs)        007E
calc_crc@crc                      cstackBANK0  0032
calc_crc@dat                      cstackBANK0  002E
calc_crc@fb                       cstackBANK0  002F
calc_crc@i                        cstackBANK0  0031
calc_crc@len                      cstackBANK0  002D
calc_crc@mas                      cstackBANK0  0030
clear_ram0                        clrtext      078B
convDig@dig                       cstackCOMMON 0070
end_of_initialization             cinit        002B
get_temp_Async@i                  cstackBANK0  0022
get_temp_Async@line               cstackBANK0  0025
get_temp_Async@temp1              cstackBANK0  0023
get_temp_Async@temp2              cstackBANK0  0024
i1INIT@One                        cstackCOMMON 0074
i1INIT@Zero                       cstackCOMMON 0072
i1INIT@b                          cstackCOMMON 0073
i1INIT@line                       cstackCOMMON 0071
i1RX@One                          cstackCOMMON 0075
i1RX@Zero                         cstackCOMMON 0072
i1RX@d                            cstackCOMMON 0073
i1RX@i                            cstackCOMMON 0074
i1RX@line                         cstackCOMMON 0071
i1TX@One                          cstackCOMMON 0076
i1TX@Zero                         cstackCOMMON 0074
i1TX@cmd                          cstackCOMMON 0072
i1TX@i                            cstackCOMMON 0075
i1TX@line                         cstackCOMMON 0070
i1TX@temp                         cstackCOMMON 0073
i1_INIT                           text30       0529
i1_RX                             text29       05B4
i1_TX                             text28       055A
i1_calc_crc                       text27       05DB
i1calc_crc@crc                    cstackCOMMON 0075
i1calc_crc@dat                    cstackCOMMON 0072
i1calc_crc@fb                     cstackCOMMON 0073
i1calc_crc@i                      cstackCOMMON 0074
i1calc_crc@len                    cstackCOMMON 0070
i1calc_crc@mas                    cstackCOMMON 0071
indData@cd                        cstackBANK0  003B
indData@dN                        cstackBANK0  003A
indData@isPoint                   cstackBANK0  0038
indData@v                         cstackBANK0  0039
indData@v_240                     cstackBANK0  0037
interrupt_function                intentry     0004
intlevel0                         functab      0000
intlevel1                         functab      0000
intlevel2                         functab      0000
intlevel3                         functab      0000
intlevel4                         functab      0000
intlevel5                         functab      0000
ltemp                             (abs)        007E
ltemp0                            (abs)        007E
ltemp1                            (abs)        0082
ltemp2                            (abs)        0086
ltemp3                            (abs)        0080
main@TheStart                     cstackBANK1  00B3
main@address                      cstackBANK1  00B4
main@cell                         cstackBANK1  00B2
main@line                         cstackBANK1  00B5
main@point_on_ind_delay           cstackBANK1  00AE
reset_vec                         reset_vec    0000
saved_w                           (abs)        007E
setDigit@a                        cstackBANK0  0035
setDigit@data                     cstackBANK0  0032
setPoint@dignum                   cstackBANK0  002E
setPoint@value                    cstackBANK0  002D
stackhi                           (abs)        0000
stacklo                           (abs)        0000
start                             init         0010
start_initialization              cinit        0011
ttemp                             (abs)        007E
ttemp0                            (abs)        007E
ttemp1                            (abs)        0081
ttemp2                            (abs)        0084
ttemp3                            (abs)        0087
ttemp4                            (abs)        007F
wtemp                             (abs)        007E
wtemp0                            (abs)        007E
wtemp1                            (abs)        0080
wtemp2                            (abs)        0082
wtemp3                            (abs)        0084
wtemp4                            (abs)        0086
wtemp5                            (abs)        0088
wtemp6                            (abs)        007F


FUNCTION INFORMATION:

 *************** function _main *****************
 Defined at:
		line 724 in file "prog.c"
 Parameters:    Size  Location     Type
		None
 Auto vars:     Size  Location     Type
  point_on_ind    2   14[BANK1 ] unsigned int 
  line            1   21[BANK1 ] unsigned char 
  address         1   20[BANK1 ] unsigned char 
  TheStart        1   19[BANK1 ] unsigned char 
  cell            1   18[BANK1 ] unsigned char 
 Return value:  Size  Location     Type
                  1    wreg      void 
 Registers used:
		wreg, fsr0l, fsr0h, status,2, status,0, pclath, cstack
 Tracked objects:
		On entry : 
		On exit  : 
		Unchanged: 
 Data sizes:     COMMON   BANK0   BANK1   BANK2
      Params:         0       0       0       0
      Locals:         0       0       8       0
      Temps:          0       1       0       0
      Totals:         0       1       8       0
Total ram usage:        9 bytes
 Hardware stack levels required when called:    7
 This function calls:
		_CellToInd
		_EditAddressMemory
		_FillArrayFromEEPROM
		_FindCell
		_Reset_powerOnInterval
		_Run_getInit
		_Run_getTemp
		_ShowError
		_clrInd
		_indData
		_refreshInd
		_setDigit
		_setPoint
		_waitInterrupt
 This function is called by:
		Startup code after reset
 This function uses a non-reentrant model


 *************** function _indData *****************
 Defined at:
		line 537 in file "prog.c"
 Parameters:    Size  Location     Type
		None
 Auto vars:     Size  Location     Type
  v               1   23[BANK0 ] unsigned char 
  v               1   25[BANK0 ] unsigned char 
  cd              1   27[BANK0 ] unsigned char 
  dN              1   26[BANK0 ] unsigned char 
  isPoint         1   24[BANK0 ] unsigned char 
 Return value:  Size  Location     Type
                  1    wreg      void 
 Registers used:
		wreg, fsr0l, fsr0h, status,2, status,0, pclath, cstack
 Tracked objects:
		On entry : 
		On exit  : 
		Unchanged: 
 Data sizes:     COMMON   BANK0   BANK1   BANK2
      Params:         0       0       0       0
      Locals:         0       5       0       0
      Temps:          0       1       0       0
      Totals:         0       6       0       0
Total ram usage:        6 bytes
 Hardware stack levels used:    1
 Hardware stack levels required when called:    4
 This function calls:
		___lbdiv
		___lbmod
		_setDigit
		_setPoint
 This function is called by:
		_main
 This function uses a non-reentrant model


 *************** function _Run_getTemp *****************
 Defined at:
		line 688 in file "prog.c"
 Parameters:    Size  Location     Type
  line            1    wreg     unsigned char 
 Auto vars:     Size  Location     Type
  line            1   13[BANK0 ] unsigned char 
 Return value:  Size  Location     Type
                  1    wreg      void 
 Registers used:
		wreg, status,2, status,0
 Tracked objects:
		On entry : 
		On exit  : 
		Unchanged: 
 Data sizes:     COMMON   BANK0   BANK1   BANK2
      Params:         0       0       0       0
      Locals:         0       1       0       0
      Temps:          0       0       0       0
      Totals:         0       1       0       0
Total ram usage:        1 bytes
 Hardware stack levels used:    1
 Hardware stack levels required when called:    3
 This function calls:
		Nothing
 This function is called by:
		_main
 This function uses a non-reentrant model


 *************** function _Run_getInit *****************
 Defined at:
		line 706 in file "prog.c"
 Parameters:    Size  Location     Type
  line            1    wreg     unsigned char 
 Auto vars:     Size  Location     Type
  line            1   13[BANK0 ] unsigned char 
 Return value:  Size  Location     Type
                  1    wreg      void 
 Registers used:
		wreg, status,2, status,0
 Tracked objects:
		On entry : 
		On exit  : 
		Unchanged: 
 Data sizes:     COMMON   BANK0   BANK1   BANK2
      Params:         0       0       0       0
      Locals:         0       1       0       0
      Temps:          0       0       0       0
      Totals:         0       1       0       0
Total ram usage:        1 bytes
 Hardware stack levels used:    1
 Hardware stack levels required when called:    3
 This function calls:
		Nothing
 This function is called by:
		_main
 This function uses a non-reentrant model


 *************** function _Reset_powerOnInterval *****************
 Defined at:
		line 98 in file "prog.c"
 Parameters:    Size  Location     Type
		None
 Auto vars:     Size  Location     Type
		None
 Return value:  Size  Location     Type
                  1    wreg      void 
 Registers used:
		wreg
 Tracked objects:
		On entry : 
		On exit  : 
		Unchanged: 
 Data sizes:     COMMON   BANK0   BANK1   BANK2
      Params:         0       0       0       0
      Locals:         0       0       0       0
      Temps:          0       0       0       0
      Totals:         0       0       0       0
Total ram usage:        0 bytes
 Hardware stack levels used:    1
 Hardware stack levels required when called:    3
 This function calls:
		Nothing
 This function is called by:
		_main
 This function uses a non-reentrant model


 *************** function _FindCell *****************
 Defined at:
		line 396 in file "prog.c"
 Parameters:    Size  Location     Type
  addressStart    1    wreg     unsigned char 
  previous        1   21[BANK0 ] unsigned char 
 Auto vars:     Size  Location     Type
  addressStart    1   32[BANK0 ] unsigned char 
  i               1   33[BANK0 ] unsigned char 
  CellsData       8   22[BANK0 ] unsigned char [8]
  CellIsEmpty     1   31[BANK0 ] unsigned char 
  address         1   34[BANK0 ] unsigned char 
  addressNew      1   30[BANK0 ] unsigned char 
 Return value:  Size  Location     Type
                  1    wreg      unsigned char 
 Registers used:
		wreg, fsr0l, fsr0h, status,2, status,0, pclath, cstack
 Tracked objects:
		On entry : 
		On exit  : 
		Unchanged: 
 Data sizes:     COMMON   BANK0   BANK1   BANK2
      Params:         0       1       0       0
      Locals:         0      13       0       0
      Temps:          0       0       0       0
      Totals:         0      14       0       0
Total ram usage:       14 bytes
 Hardware stack levels used:    1
 Hardware stack levels required when called:    5
 This function calls:
		_FillArrayFromEEPROM
		_waitInterrupt
 This function is called by:
		_main
 This function uses a non-reentrant model


 *************** function _EditAddressMemory *****************
 Defined at:
		line 600 in file "prog.c"
 Parameters:    Size  Location     Type
		None
 Auto vars:     Size  Location     Type
  i               1   11[BANK1 ] unsigned char 
  i               1   12[BANK1 ] unsigned char 
  CellsData       8    0[BANK1 ] unsigned char [8]
  cell            1   13[BANK1 ] unsigned char 
  CellIsEmpty     1   10[BANK1 ] unsigned char 
  RereadCell      1    9[BANK1 ] unsigned char 
  ErrorShowed     1    8[BANK1 ] unsigned char 
 Return value:  Size  Location     Type
                  1    wreg      void 
 Registers used:
		wreg, fsr0l, fsr0h, status,2, status,0, pclath, cstack
 Tracked objects:
		On entry : 
		On exit  : 
		Unchanged: 
 Data sizes:     COMMON   BANK0   BANK1   BANK2
      Params:         0       0       0       0
      Locals:         0       0      14       0
      Temps:          0       1       0       0
      Totals:         0       1      14       0
Total ram usage:       15 bytes
 Hardware stack levels used:    1
 Hardware stack levels required when called:    6
 This function calls:
		_CellToInd
		_INIT
		_RX
		_ReadCell
		_ShowError
		_TX
		_WriteArrayToEEPROM
		_calc_crc
		_clrInd
		_refreshInd
		_setPoint
		_waitInterrupt
 This function is called by:
		_main
 This function uses a non-reentrant model


 *************** function _setPoint *****************
 Defined at:
		line 110 in file "prog.c"
 Parameters:    Size  Location     Type
  dignum          1    wreg     unsigned char 
  value           1   13[BANK0 ] unsigned char 
 Auto vars:     Size  Location     Type
  dignum          1   14[BANK0 ] unsigned char 
 Return value:  Size  Location     Type
                  1    wreg      void 
 Registers used:
		wreg, fsr0l, fsr0h, status,2, status,0
 Tracked objects:
		On entry : 
		On exit  : 
		Unchanged: 
 Data sizes:     COMMON   BANK0   BANK1   BANK2
      Params:         0       1       0       0
      Locals:         0       1       0       0
      Temps:          0       0       0       0
      Totals:         0       2       0       0
Total ram usage:        2 bytes
 Hardware stack levels used:    1
 Hardware stack levels required when called:    3
 This function calls:
		Nothing
 This function is called by:
		_indData
		_EditAddressMemory
		_main
 This function uses a non-reentrant model


 *************** function _calc_crc *****************
 Defined at:
		line 281 in file "prog.c"
 Parameters:    Size  Location     Type
  mas             1    wreg     PTR unsigned char 
		 -> EditAddressMemory@CellsData(8), DS_ReadData(9), 
  len             1   13[BANK0 ] unsigned char 
 Auto vars:     Size  Location     Type
  mas             1   16[BANK0 ] PTR unsigned char 
		 -> EditAddressMemory@CellsData(8), DS_ReadData(9), 
  fb              1   15[BANK0 ] unsigned char 
  i               1   17[BANK0 ] unsigned char 
  dat             1   14[BANK0 ] unsigned char 
  crc             1   18[BANK0 ] unsigned char 
 Return value:  Size  Location     Type
                  1    wreg      unsigned char 
 Registers used:
		wreg, fsr0l, fsr0h, status,2, status,0
 Tracked objects:
		On entry : 
		On exit  : 
		Unchanged: 
 Data sizes:     COMMON   BANK0   BANK1   BANK2
      Params:         0       1       0       0
      Locals:         0       5       0       0
      Temps:          0       0       0       0
      Totals:         0       6       0       0
Total ram usage:        6 bytes
 Hardware stack levels used:    1
 Hardware stack levels required when called:    3
 This function calls:
		Nothing
 This function is called by:
		_EditAddressMemory
 This function uses a non-reentrant model


 *************** function _WriteArrayToEEPROM *****************
 Defined at:
		line 213 in file "prog.c"
 Parameters:    Size  Location     Type
  container       1    wreg     PTR unsigned char 
		 -> EditAddressMemory@CellsData(8), 
  address_star    1   16[BANK0 ] unsigned char 
  quantity        1   17[BANK0 ] unsigned char 
 Auto vars:     Size  Location     Type
  container       1   19[BANK0 ] PTR unsigned char 
		 -> EditAddressMemory@CellsData(8), 
  i               1   20[BANK0 ] unsigned char 
 Return value:  Size  Location     Type
                  1    wreg      void 
 Registers used:
		wreg, fsr0l, fsr0h, status,2, status,0, pclath, cstack
 Tracked objects:
		On entry : 
		On exit  : 
		Unchanged: 
 Data sizes:     COMMON   BANK0   BANK1   BANK2
      Params:         0       2       0       0
      Locals:         0       2       0       0
      Temps:          0       1       0       0
      Totals:         0       5       0       0
Total ram usage:        5 bytes
 Hardware stack levels used:    1
 Hardware stack levels required when called:    4
 This function calls:
		_EEWR
		_waitInterrupt
 This function is called by:
		_EditAddressMemory
 This function uses a non-reentrant model


 *************** function _waitInterrupt *****************
 Defined at:
		line 93 in file "prog.c"
 Parameters:    Size  Location     Type
		None
 Auto vars:     Size  Location     Type
		None
 Return value:  Size  Location     Type
                  1    wreg      void 
 Registers used:
		None
 Tracked objects:
		On entry : 
		On exit  : 
		Unchanged: 
 Data sizes:     COMMON   BANK0   BANK1   BANK2
      Params:         0       0       0       0
      Locals:         0       0       0       0
      Temps:          0       0       0       0
      Totals:         0       0       0       0
Total ram usage:        0 bytes
 Hardware stack levels used:    1
 Hardware stack levels required when called:    3
 This function calls:
		Nothing
 This function is called by:
		_WriteArrayToEEPROM
		_FindCell
		_EditAddressMemory
		_main
 This function uses a non-reentrant model


 *************** function _EEWR *****************
 Defined at:
		line 181 in file "prog.c"
 Parameters:    Size  Location     Type
  address         1    wreg     unsigned char 
  data            1   13[BANK0 ] unsigned char 
 Auto vars:     Size  Location     Type
  address         1   14[BANK0 ] unsigned char 
  INTCON_BUP      1   15[BANK0 ] volatile unsigned char 
 Return value:  Size  Location     Type
                  1    wreg      void 
 Registers used:
		wreg
 Tracked objects:
		On entry : 
		On exit  : 
		Unchanged: 
 Data sizes:     COMMON   BANK0   BANK1   BANK2
      Params:         0       1       0       0
      Locals:         0       2       0       0
      Temps:          0       0       0       0
      Totals:         0       3       0       0
Total ram usage:        3 bytes
 Hardware stack levels used:    1
 Hardware stack levels required when called:    3
 This function calls:
		Nothing
 This function is called by:
		_WriteArrayToEEPROM
 This function uses a non-reentrant model


 *************** function _TX *****************
 Defined at:
		line 239 in file "prog.c"
 Parameters:    Size  Location     Type
  cmd             1    wreg     unsigned char 
  line            1   13[BANK0 ] unsigned char 
 Auto vars:     Size  Location     Type
  cmd             1   15[BANK0 ] unsigned char 
  One             1   19[BANK0 ] unsigned char 
  i               1   18[BANK0 ] unsigned char 
  Zero            1   17[BANK0 ] unsigned char 
  temp            1   16[BANK0 ] unsigned char 
 Return value:  Size  Location     Type
                  1    wreg      void 
 Registers used:
		wreg, status,2, status,0
 Tracked objects:
		On entry : 
		On exit  : 
		Unchanged: 
 Data sizes:     COMMON   BANK0   BANK1   BANK2
      Params:         0       1       0       0
      Locals:         0       5       0       0
      Temps:          0       1       0       0
      Totals:         0       7       0       0
Total ram usage:        7 bytes
 Hardware stack levels used:    1
 Hardware stack levels required when called:    3
 This function calls:
		Nothing
 This function is called by:
		_EditAddressMemory
 This function uses a non-reentrant model


 *************** function _ShowError *****************
 Defined at:
		line 126 in file "prog.c"
 Parameters:    Size  Location     Type
		None
 Auto vars:     Size  Location     Type
		None
 Return value:  Size  Location     Type
                  1    wreg      void 
 Registers used:
		wreg, fsr0l, fsr0h, status,2, status,0, pclath, cstack
 Tracked objects:
		On entry : 
		On exit  : 
		Unchanged: 
 Data sizes:     COMMON   BANK0   BANK1   BANK2
      Params:         0       0       0       0
      Locals:         0       0       0       0
      Temps:          0       0       0       0
      Totals:         0       0       0       0
Total ram usage:        0 bytes
 Hardware stack levels used:    1
 Hardware stack levels required when called:    4
 This function calls:
		_clrInd
		_refreshInd
		_setDigit
 This function is called by:
		_EditAddressMemory
		_main
 This function uses a non-reentrant model


 *************** function _ReadCell *****************
 Defined at:
		line 576 in file "prog.c"
 Parameters:    Size  Location     Type
  cell            1    wreg     unsigned char 
  CellsData       1   21[BANK0 ] PTR unsigned char 
		 -> EditAddressMemory@CellsData(8), 
 Auto vars:     Size  Location     Type
  cell            1   23[BANK0 ] unsigned char 
  i               1   24[BANK0 ] unsigned char 
 Return value:  Size  Location     Type
                  1    wreg      unsigned char 
 Registers used:
		wreg, fsr0l, fsr0h, status,2, status,0, pclath, cstack
 Tracked objects:
		On entry : 
		On exit  : 
		Unchanged: 
 Data sizes:     COMMON   BANK0   BANK1   BANK2
      Params:         0       1       0       0
      Locals:         0       2       0       0
      Temps:          0       1       0       0
      Totals:         0       4       0       0
Total ram usage:        4 bytes
 Hardware stack levels used:    1
 Hardware stack levels required when called:    5
 This function calls:
		_FillArrayFromEEPROM
 This function is called by:
		_EditAddressMemory
 This function uses a non-reentrant model


 *************** function _FillArrayFromEEPROM *****************
 Defined at:
		line 207 in file "prog.c"
 Parameters:    Size  Location     Type
  container       1    wreg     PTR unsigned char 
		 -> EditAddressMemory@CellsData(8), FindCell@CellsData(8), DS_Address(8), 
  address_star    1   16[BANK0 ] unsigned char 
  quantity        1   17[BANK0 ] unsigned char 
 Auto vars:     Size  Location     Type
  container       1   19[BANK0 ] PTR unsigned char 
		 -> EditAddressMemory@CellsData(8), FindCell@CellsData(8), DS_Address(8), 
  i               1   20[BANK0 ] unsigned char 
 Return value:  Size  Location     Type
                  1    wreg      void 
 Registers used:
		wreg, fsr0l, fsr0h, status,2, status,0, pclath, cstack
 Tracked objects:
		On entry : 
		On exit  : 
		Unchanged: 
 Data sizes:     COMMON   BANK0   BANK1   BANK2
      Params:         0       2       0       0
      Locals:         0       2       0       0
      Temps:          0       1       0       0
      Totals:         0       5       0       0
Total ram usage:        5 bytes
 Hardware stack levels used:    1
 Hardware stack levels required when called:    4
 This function calls:
		_EERD
 This function is called by:
		_FindCell
		_ReadCell
		_main
 This function uses a non-reentrant model


 *************** function _EERD *****************
 Defined at:
		line 196 in file "prog.c"
 Parameters:    Size  Location     Type
  address         1    wreg     unsigned char 
 Auto vars:     Size  Location     Type
  address         1   13[BANK0 ] unsigned char 
  EEDATA_BUP      1   15[BANK0 ] volatile unsigned char 
  INTCON_BUP      1   14[BANK0 ] volatile unsigned char 
 Return value:  Size  Location     Type
                  1    wreg      unsigned char 
 Registers used:
		wreg
 Tracked objects:
		On entry : 
		On exit  : 
		Unchanged: 
 Data sizes:     COMMON   BANK0   BANK1   BANK2
      Params:         0       0       0       0
      Locals:         0       3       0       0
      Temps:          0       0       0       0
      Totals:         0       3       0       0
Total ram usage:        3 bytes
 Hardware stack levels used:    1
 Hardware stack levels required when called:    3
 This function calls:
		Nothing
 This function is called by:
		_FillArrayFromEEPROM
 This function uses a non-reentrant model


 *************** function _RX *****************
 Defined at:
		line 262 in file "prog.c"
 Parameters:    Size  Location     Type
  line            1    wreg     unsigned char 
 Auto vars:     Size  Location     Type
  line            1   14[BANK0 ] unsigned char 
  i               1   17[BANK0 ] unsigned char 
  One             1   18[BANK0 ] unsigned char 
  d               1   16[BANK0 ] unsigned char 
  Zero            1   15[BANK0 ] unsigned char 
 Return value:  Size  Location     Type
                  1    wreg      unsigned char 
 Registers used:
		wreg, status,2, status,0
 Tracked objects:
		On entry : 
		On exit  : 
		Unchanged: 
 Data sizes:     COMMON   BANK0   BANK1   BANK2
      Params:         0       0       0       0
      Locals:         0       5       0       0
      Temps:          0       1       0       0
      Totals:         0       6       0       0
Total ram usage:        6 bytes
 Hardware stack levels used:    1
 Hardware stack levels required when called:    3
 This function calls:
		Nothing
 This function is called by:
		_EditAddressMemory
 This function uses a non-reentrant model


 *************** function _INIT *****************
 Defined at:
		line 221 in file "prog.c"
 Parameters:    Size  Location     Type
  line            1    wreg     unsigned char 
 Auto vars:     Size  Location     Type
  line            1   14[BANK0 ] unsigned char 
  One             1   17[BANK0 ] unsigned char 
  b               1   16[BANK0 ] unsigned char 
  Zero            1   15[BANK0 ] unsigned char 
 Return value:  Size  Location     Type
                  1    wreg      unsigned char 
 Registers used:
		wreg, status,2, status,0
 Tracked objects:
		On entry : 
		On exit  : 
		Unchanged: 
 Data sizes:     COMMON   BANK0   BANK1   BANK2
      Params:         0       0       0       0
      Locals:         0       4       0       0
      Temps:          0       1       0       0
      Totals:         0       5       0       0
Total ram usage:        5 bytes
 Hardware stack levels used:    1
 Hardware stack levels required when called:    3
 This function calls:
		Nothing
 This function is called by:
		_EditAddressMemory
 This function uses a non-reentrant model


 *************** function _CellToInd *****************
 Defined at:
		line 586 in file "prog.c"
 Parameters:    Size  Location     Type
  cell            1    wreg     unsigned char 
 Auto vars:     Size  Location     Type
  cell            1   22[BANK0 ] unsigned char 
 Return value:  Size  Location     Type
                  1    wreg      void 
 Registers used:
		wreg, fsr0l, fsr0h, status,2, status,0, pclath, cstack
 Tracked objects:
		On entry : 
		On exit  : 
		Unchanged: 
 Data sizes:     COMMON   BANK0   BANK1   BANK2
      Params:         0       0       0       0
      Locals:         0       1       0       0
      Temps:          0       0       0       0
      Totals:         0       1       0       0
Total ram usage:        1 bytes
 Hardware stack levels used:    1
 Hardware stack levels required when called:    4
 This function calls:
		___lbdiv
		___lbmod
		_clrInd
		_refreshInd
		_setDigit
 This function is called by:
		_EditAddressMemory
		_main
 This function uses a non-reentrant model


 *************** function _setDigit *****************
 Defined at:
		line 106 in file "prog.c"
 Parameters:    Size  Location     Type
  a               1    wreg     unsigned char 
  data            1   18[BANK0 ] unsigned char 
 Auto vars:     Size  Location     Type
  a               1   21[BANK0 ] unsigned char 
 Return value:  Size  Location     Type
                  1    wreg      void 
 Registers used:
		wreg, fsr0l, fsr0h, status,2, status,0
 Tracked objects:
		On entry : 
		On exit  : 
		Unchanged: 
 Data sizes:     COMMON   BANK0   BANK1   BANK2
      Params:         0       1       0       0
      Locals:         0       1       0       0
      Temps:          0       2       0       0
      Totals:         0       4       0       0
Total ram usage:        4 bytes
 Hardware stack levels used:    1
 Hardware stack levels required when called:    3
 This function calls:
		Nothing
 This function is called by:
		_ShowError
		_indData
		_CellToInd
		_main
 This function uses a non-reentrant model


 *************** function _refreshInd *****************
 Defined at:
		line 114 in file "prog.c"
 Parameters:    Size  Location     Type
		None
 Auto vars:     Size  Location     Type
		None
 Return value:  Size  Location     Type
                  1    wreg      void 
 Registers used:
		wreg
 Tracked objects:
		On entry : 
		On exit  : 
		Unchanged: 
 Data sizes:     COMMON   BANK0   BANK1   BANK2
      Params:         0       0       0       0
      Locals:         0       0       0       0
      Temps:          0       0       0       0
      Totals:         0       0       0       0
Total ram usage:        0 bytes
 Hardware stack levels used:    1
 Hardware stack levels required when called:    3
 This function calls:
		Nothing
 This function is called by:
		_ShowError
		_CellToInd
		_EditAddressMemory
		_main
 This function uses a non-reentrant model


 *************** function _clrInd *****************
 Defined at:
		line 120 in file "prog.c"
 Parameters:    Size  Location     Type
		None
 Auto vars:     Size  Location     Type
		None
 Return value:  Size  Location     Type
                  1    wreg      void 
 Registers used:
		wreg
 Tracked objects:
		On entry : 
		On exit  : 
		Unchanged: 
 Data sizes:     COMMON   BANK0   BANK1   BANK2
      Params:         0       0       0       0
      Locals:         0       0       0       0
      Temps:          0       0       0       0
      Totals:         0       0       0       0
Total ram usage:        0 bytes
 Hardware stack levels used:    1
 Hardware stack levels required when called:    3
 This function calls:
		Nothing
 This function is called by:
		_ShowError
		_CellToInd
		_EditAddressMemory
		_main
 This function uses a non-reentrant model


 *************** function ___lbmod *****************
 Defined at:
		line 4 in file "C:\Program Files (x86)\Microchip\xc8\v1.38\sources\common\lbmod.c"
 Parameters:    Size  Location     Type
  dividend        1    wreg     unsigned char 
  divisor         1   13[BANK0 ] unsigned char 
 Auto vars:     Size  Location     Type
  dividend        1   15[BANK0 ] unsigned char 
  rem             1   17[BANK0 ] unsigned char 
  counter         1   16[BANK0 ] unsigned char 
 Return value:  Size  Location     Type
                  1    wreg      unsigned char 
 Registers used:
		wreg, status,2, status,0
 Tracked objects:
		On entry : 
		On exit  : 
		Unchanged: 
 Data sizes:     COMMON   BANK0   BANK1   BANK2
      Params:         0       1       0       0
      Locals:         0       3       0       0
      Temps:          0       1       0       0
      Totals:         0       5       0       0
Total ram usage:        5 bytes
 Hardware stack levels used:    1
 Hardware stack levels required when called:    3
 This function calls:
		Nothing
 This function is called by:
		_indData
		_CellToInd
 This function uses a non-reentrant model


 *************** function ___lbdiv *****************
 Defined at:
		line 4 in file "C:\Program Files (x86)\Microchip\xc8\v1.38\sources\common\lbdiv.c"
 Parameters:    Size  Location     Type
  dividend        1    wreg     unsigned char 
  divisor         1   13[BANK0 ] unsigned char 
 Auto vars:     Size  Location     Type
  dividend        1   14[BANK0 ] unsigned char 
  quotient        1   16[BANK0 ] unsigned char 
  counter         1   15[BANK0 ] unsigned char 
 Return value:  Size  Location     Type
                  1    wreg      unsigned char 
 Registers used:
		wreg, status,2, status,0
 Tracked objects:
		On entry : 
		On exit  : 
		Unchanged: 
 Data sizes:     COMMON   BANK0   BANK1   BANK2
      Params:         0       1       0       0
      Locals:         0       3       0       0
      Temps:          0       0       0       0
      Totals:         0       4       0       0
Total ram usage:        4 bytes
 Hardware stack levels used:    1
 Hardware stack levels required when called:    3
 This function calls:
		Nothing
 This function is called by:
		_indData
		_CellToInd
 This function uses a non-reentrant model


 *************** function _F *****************
 Defined at:
		line 430 in file "prog.c"
 Parameters:    Size  Location     Type
		None
 Auto vars:     Size  Location     Type
  CurrentKeysS    1   12[BANK0 ] unsigned char 
  dig             1   11[BANK0 ] unsigned char 
 Return value:  Size  Location     Type
                  1    wreg      void 
 Registers used:
		wreg, fsr0l, fsr0h, status,2, status,0, pclath, cstack
 Tracked objects:
		On entry : 
		On exit  : 
		Unchanged: 
 Data sizes:     COMMON   BANK0   BANK1   BANK2
      Params:         0       0       0       0
      Locals:         0       2       0       0
      Temps:          0       5       0       0
      Totals:         0       7       0       0
Total ram usage:        7 bytes
 Hardware stack levels used:    1
 Hardware stack levels required when called:    2
 This function calls:
		_convDig
		_get_temp_Async
 This function is called by:
		Interrupt level 1
 This function uses a non-reentrant model


 *************** function _get_temp_Async *****************
 Defined at:
		line 296 in file "prog.c"
 Parameters:    Size  Location     Type
		None
 Auto vars:     Size  Location     Type
  temp2           1    4[BANK0 ] unsigned char 
  temp1           1    3[BANK0 ] unsigned char 
  i               1    2[BANK0 ] unsigned char 
  line            1    5[BANK0 ] unsigned char 
 Return value:  Size  Location     Type
                  1    wreg      void 
 Registers used:
		wreg, fsr0l, fsr0h, status,2, status,0, pclath, cstack
 Tracked objects:
		On entry : 
		On exit  : 
		Unchanged: 
 Data sizes:     COMMON   BANK0   BANK1   BANK2
      Params:         0       0       0       0
      Locals:         0       4       0       0
      Temps:          0       2       0       0
      Totals:         0       6       0       0
Total ram usage:        6 bytes
 Hardware stack levels used:    1
 Hardware stack levels required when called:    1
 This function calls:
		___awdiv
		___wmul
		i1_INIT
		i1_RX
		i1_TX
		i1_calc_crc
 This function is called by:
		_F
 This function uses a non-reentrant model


 *************** function i1_calc_crc *****************
 Defined at:
		line 281 in file "prog.c"
 Parameters:    Size  Location     Type
  mas             1    wreg     PTR unsigned char 
		 -> EditAddressMemory@CellsData(8), DS_ReadData(9), 
  len             1    0[COMMON] unsigned char 
 Auto vars:     Size  Location     Type
  mas             1    1[COMMON] PTR unsigned char 
		 -> EditAddressMemory@CellsData(8), DS_ReadData(9), 
  calc_crc        1    5[COMMON] unsigned char 
  calc_crc        1    4[COMMON] unsigned char 
  calc_crc        1    3[COMMON] unsigned char 
  calc_crc        1    2[COMMON] unsigned char 
 Return value:  Size  Location     Type
                  1    wreg      unsigned char 
 Registers used:
		wreg, fsr0l, fsr0h, status,2, status,0
 Tracked objects:
		On entry : 
		On exit  : 
		Unchanged: 
 Data sizes:     COMMON   BANK0   BANK1   BANK2
      Params:         1       0       0       0
      Locals:         5       0       0       0
      Temps:          0       0       0       0
      Totals:         6       0       0       0
Total ram usage:        6 bytes
 Hardware stack levels used:    1
 This function calls:
		Nothing
 This function is called by:
		_get_temp_Async
 This function uses a non-reentrant model


 *************** function i1_TX *****************
 Defined at:
		line 239 in file "prog.c"
 Parameters:    Size  Location     Type
  cmd             1    wreg     unsigned char 
  line            1    0[COMMON] unsigned char 
 Auto vars:     Size  Location     Type
  cmd             1    2[COMMON] unsigned char 
  TX              1    6[COMMON] unsigned char 
  TX              1    5[COMMON] unsigned char 
  TX              1    4[COMMON] unsigned char 
  TX              1    3[COMMON] unsigned char 
 Return value:  Size  Location     Type
                  1    wreg      void 
 Registers used:
		wreg, status,2, status,0
 Tracked objects:
		On entry : 
		On exit  : 
		Unchanged: 
 Data sizes:     COMMON   BANK0   BANK1   BANK2
      Params:         1       0       0       0
      Locals:         5       0       0       0
      Temps:          1       0       0       0
      Totals:         7       0       0       0
Total ram usage:        7 bytes
 Hardware stack levels used:    1
 This function calls:
		Nothing
 This function is called by:
		_get_temp_Async
 This function uses a non-reentrant model


 *************** function i1_RX *****************
 Defined at:
		line 262 in file "prog.c"
 Parameters:    Size  Location     Type
  line            1    wreg     unsigned char 
 Auto vars:     Size  Location     Type
  line            1    1[COMMON] unsigned char 
  RX              1    5[COMMON] unsigned char 
  RX              1    4[COMMON] unsigned char 
  RX              1    3[COMMON] unsigned char 
  RX              1    2[COMMON] unsigned char 
 Return value:  Size  Location     Type
                  1    wreg      unsigned char 
 Registers used:
		wreg, status,2, status,0
 Tracked objects:
		On entry : 
		On exit  : 
		Unchanged: 
 Data sizes:     COMMON   BANK0   BANK1   BANK2
      Params:         0       0       0       0
      Locals:         5       0       0       0
      Temps:          1       0       0       0
      Totals:         6       0       0       0
Total ram usage:        6 bytes
 Hardware stack levels used:    1
 This function calls:
		Nothing
 This function is called by:
		_get_temp_Async
 This function uses a non-reentrant model


 *************** function i1_INIT *****************
 Defined at:
		line 221 in file "prog.c"
 Parameters:    Size  Location     Type
  line            1    wreg     unsigned char 
 Auto vars:     Size  Location     Type
  line            1    1[COMMON] unsigned char 
  INIT            1    4[COMMON] unsigned char 
  INIT            1    3[COMMON] unsigned char 
  INIT            1    2[COMMON] unsigned char 
 Return value:  Size  Location     Type
                  1    wreg      unsigned char 
 Registers used:
		wreg, status,2, status,0
 Tracked objects:
		On entry : 
		On exit  : 
		Unchanged: 
 Data sizes:     COMMON   BANK0   BANK1   BANK2
      Params:         0       0       0       0
      Locals:         4       0       0       0
      Temps:          1       0       0       0
      Totals:         5       0       0       0
Total ram usage:        5 bytes
 Hardware stack levels used:    1
 This function calls:
		Nothing
 This function is called by:
		_get_temp_Async
 This function uses a non-reentrant model


 *************** function ___wmul *****************
 Defined at:
		line 15 in file "C:\Program Files (x86)\Microchip\xc8\v1.38\sources\common\Umul16.c"
 Parameters:    Size  Location     Type
  multiplier      2    0[COMMON] unsigned int 
  multiplicand    2    2[COMMON] unsigned int 
 Auto vars:     Size  Location     Type
  product         2    4[COMMON] unsigned int 
 Return value:  Size  Location     Type
                  2    0[COMMON] unsigned int 
 Registers used:
		wreg, status,2, status,0
 Tracked objects:
		On entry : 
		On exit  : 
		Unchanged: 
 Data sizes:     COMMON   BANK0   BANK1   BANK2
      Params:         4       0       0       0
      Locals:         2       0       0       0
      Temps:          0       0       0       0
      Totals:         6       0       0       0
Total ram usage:        6 bytes
 Hardware stack levels used:    1
 This function calls:
		Nothing
 This function is called by:
		_get_temp_Async
 This function uses a non-reentrant model


 *************** function ___awdiv *****************
 Defined at:
		line 6 in file "C:\Program Files (x86)\Microchip\xc8\v1.38\sources\common\awdiv.c"
 Parameters:    Size  Location     Type
  divisor         2    6[COMMON] int 
  dividend        2    8[COMMON] int 
 Auto vars:     Size  Location     Type
  quotient        2   12[COMMON] int 
  sign            1   11[COMMON] unsigned char 
  counter         1   10[COMMON] unsigned char 
 Return value:  Size  Location     Type
                  2    6[COMMON] int 
 Registers used:
		wreg, status,2, status,0
 Tracked objects:
		On entry : 
		On exit  : 
		Unchanged: 
 Data sizes:     COMMON   BANK0   BANK1   BANK2
      Params:         4       0       0       0
      Locals:         4       0       0       0
      Temps:          0       0       0       0
      Totals:         8       0       0       0
Total ram usage:        8 bytes
 Hardware stack levels used:    1
 This function calls:
		Nothing
 This function is called by:
		_get_temp_Async
 This function uses a non-reentrant model


 *************** function _convDig *****************
 Defined at:
		line 134 in file "prog.c"
 Parameters:    Size  Location     Type
  dig             1    wreg     unsigned char 
 Auto vars:     Size  Location     Type
  dig             1    0[COMMON] unsigned char 
 Return value:  Size  Location     Type
                  1    wreg      unsigned char 
 Registers used:
		wreg, fsr0l, fsr0h, status,2, status,0
 Tracked objects:
		On entry : 
		On exit  : 
		Unchanged: 
 Data sizes:     COMMON   BANK0   BANK1   BANK2
      Params:         0       0       0       0
      Locals:         1       0       0       0
      Temps:          0       0       0       0
      Totals:         1       0       0       0
Total ram usage:        1 bytes
 Hardware stack levels used:    1
 This function calls:
		Nothing
 This function is called by:
		_F
 This function uses a non-reentrant model



MODULE INFORMATION

Module		Function		Class		Link	Load	Size
C:\Program Files (x86)\Microchip\xc8\v1.38\sources\common\Umul16.c
		___wmul        		CODE           	06C9	0000	26

C:\Program Files (x86)\Microchip\xc8\v1.38\sources\common\Umul16.c estimated size: 26

C:\Program Files (x86)\Microchip\xc8\v1.38\sources\common\awdiv.c
		___awdiv       		CODE           	0478	0000	70

C:\Program Files (x86)\Microchip\xc8\v1.38\sources\common\awdiv.c estimated size: 70

C:\Program Files (x86)\Microchip\xc8\v1.38\sources\common\lbmod.c
		___lbmod       		CODE           	065B	0000	29

C:\Program Files (x86)\Microchip\xc8\v1.38\sources\common\lbmod.c estimated size: 29

shared
		PL12           		CODE           	0523	0000	7
		PL8            		CODE           	024F	0000	9
		PL14           		CODE           	0580	0000	6
		__stringtab    		STRING         	0782	0000	7
		PL16           		CODE           	0585	0000	6
		i1_calc_crc    		CODE           	05DB	0000	35
		__initialization		CODE           	0011	0000	27
		_PortAData     		STRING         	0788	0000	4
		i1_RX          		CODE           	05B4	0000	40
		i1_TX          		CODE           	055A	0000	39
		PL2            		CODE           	013C	0000	16
		PL10           		CODE           	0257	0000	9
		PL4            		CODE           	014B	0000	12
		PL6            		CODE           	0156	0000	8
		i1_INIT        		CODE           	0529	0000	50

shared estimated size: 275

prog.c
		_indData       		CODE           	03C8	0000	108
		_setDigit      		CODE           	0733	0000	19
		_convDig       		CODE           	0677	0000	29
		_EEWR          		CODE           	06E2	0000	25
		_Reset_powerOnInterval		CODE           	079B	0000	7
		_refreshInd    		CODE           	0793	0000	9
		_calc_crc      		CODE           	05FD	0000	34
		_setPoint      		CODE           	0756	0000	16
		_waitInterrupt 		CODE           	07A7	0000	6
		_main          		CODE           	002D	0000	272
		_EditAddressMemory		CODE           	025F	0000	191
		_ReadCell      		CODE           	063F	0000	29
		_get_temp_Async		CODE           	015D	0000	243
		_WriteArrayToEEPROM		CODE           	070E	0000	20
		_FillArrayFromEEPROM		CODE           	0745	0000	18
		_Run_getTemp   		CODE           	06FA	0000	21
		_Run_getInit   		CODE           	0721	0000	19
		_EERD          		CODE           	0765	0000	16
		_ShowError     		CODE           	0774	0000	15
		_CellToInd     		CODE           	0693	0000	28
		_F             		CODE           	031D	0000	172
		_RX            		CODE           	058A	0000	43
		_TX            		CODE           	04F5	0000	47
		_INIT          		CODE           	04BD	0000	57
		_clrInd        		CODE           	07A1	0000	7
		_FindCell      		CODE           	0433	0000	70

prog.c estimated size: 1521

C:\Program Files (x86)\Microchip\xc8\v1.38\sources\common\lbdiv.c
		___lbdiv       		CODE           	06AE	0000	28

C:\Program Files (x86)\Microchip\xc8\v1.38\sources\common\lbdiv.c estimated size: 28

